Component: ARM Compiler 5.06 update 7 (build 960) Tool: armlink [4d3601]

==============================================================================

Section Cross References

    startup_stm32f446xx.o(STACK) refers (Special) to heapauxi.o(.text) for __use_two_region_memory
    startup_stm32f446xx.o(HEAP) refers (Special) to heapauxi.o(.text) for __use_two_region_memory
    startup_stm32f446xx.o(RESET) refers (Special) to heapauxi.o(.text) for __use_two_region_memory
    startup_stm32f446xx.o(RESET) refers to startup_stm32f446xx.o(STACK) for __initial_sp
    startup_stm32f446xx.o(RESET) refers to startup_stm32f446xx.o(.text) for Reset_Handler
    startup_stm32f446xx.o(RESET) refers to stm32f4xx_it.o(i.NMI_Handler) for NMI_Handler
    startup_stm32f446xx.o(RESET) refers to stm32f4xx_it.o(i.HardFault_Handler) for HardFault_Handler
    startup_stm32f446xx.o(RESET) refers to stm32f4xx_it.o(i.MemManage_Handler) for MemManage_Handler
    startup_stm32f446xx.o(RESET) refers to stm32f4xx_it.o(i.BusFault_Handler) for BusFault_Handler
    startup_stm32f446xx.o(RESET) refers to stm32f4xx_it.o(i.UsageFault_Handler) for UsageFault_Handler
    startup_stm32f446xx.o(RESET) refers to port.o(.emb_text) for SVC_Handler
    startup_stm32f446xx.o(RESET) refers to stm32f4xx_it.o(i.DebugMon_Handler) for DebugMon_Handler
    startup_stm32f446xx.o(RESET) refers to port.o(i.SysTick_Handler) for SysTick_Handler
    startup_stm32f446xx.o(RESET) refers to stm32f4xx_it.o(i.CAN1_RX0_IRQHandler) for CAN1_RX0_IRQHandler
    startup_stm32f446xx.o(RESET) refers to stm32f4xx_it.o(i.CAN1_RX1_IRQHandler) for CAN1_RX1_IRQHandler
    startup_stm32f446xx.o(RESET) refers to stm32f4xx_it.o(i.TIM1_UP_TIM10_IRQHandler) for TIM1_UP_TIM10_IRQHandler
    startup_stm32f446xx.o(RESET) refers to stm32f4xx_it.o(i.I2C1_EV_IRQHandler) for I2C1_EV_IRQHandler
    startup_stm32f446xx.o(RESET) refers to stm32f4xx_it.o(i.TIM8_TRG_COM_TIM14_IRQHandler) for TIM8_TRG_COM_TIM14_IRQHandler
    startup_stm32f446xx.o(RESET) refers to stm32f4xx_it.o(i.UART4_IRQHandler) for UART4_IRQHandler
    startup_stm32f446xx.o(RESET) refers to stm32f4xx_it.o(i.UART5_IRQHandler) for UART5_IRQHandler
    startup_stm32f446xx.o(RESET) refers to stm32f4xx_it.o(i.CAN2_RX0_IRQHandler) for CAN2_RX0_IRQHandler
    startup_stm32f446xx.o(RESET) refers to stm32f4xx_it.o(i.CAN2_RX1_IRQHandler) for CAN2_RX1_IRQHandler
    startup_stm32f446xx.o(RESET) refers to stm32f4xx_it.o(i.FMPI2C1_EV_IRQHandler) for FMPI2C1_EV_IRQHandler
    startup_stm32f446xx.o(.text) refers (Special) to heapauxi.o(.text) for __use_two_region_memory
    startup_stm32f446xx.o(.text) refers to system_stm32f4xx.o(i.SystemInit) for SystemInit
    startup_stm32f446xx.o(.text) refers to __main.o(!!!main) for __main
    startup_stm32f446xx.o(.text) refers to startup_stm32f446xx.o(HEAP) for Heap_Mem
    startup_stm32f446xx.o(.text) refers to startup_stm32f446xx.o(STACK) for Stack_Mem
    eeprom.o(i.EEPROM_PageErase) refers to log.o(i.__hardfp_log) for __hardfp_log
    eeprom.o(i.EEPROM_PageErase) refers to ddiv.o(x$fpl$ddiv) for __aeabi_ddiv
    eeprom.o(i.EEPROM_PageErase) refers to dfix.o(x$fpl$dfix) for __aeabi_d2iz
    eeprom.o(i.EEPROM_PageErase) refers to aeabi_memset.o(.text) for __aeabi_memset
    eeprom.o(i.EEPROM_PageErase) refers to stm32f4xx_hal_i2c.o(i.HAL_I2C_Mem_Write) for HAL_I2C_Mem_Write
    eeprom.o(i.EEPROM_PageErase) refers to stm32f4xx_hal.o(i.HAL_Delay) for HAL_Delay
    eeprom.o(i.EEPROM_PageErase) refers to main.o(.bss) for hi2c1
    eeprom.o(i.EEPROM_Read) refers to log.o(i.__hardfp_log) for __hardfp_log
    eeprom.o(i.EEPROM_Read) refers to ddiv.o(x$fpl$ddiv) for __aeabi_ddiv
    eeprom.o(i.EEPROM_Read) refers to dfix.o(x$fpl$dfix) for __aeabi_d2iz
    eeprom.o(i.EEPROM_Read) refers to eeprom.o(i.bytestowrite) for bytestowrite
    eeprom.o(i.EEPROM_Read) refers to stm32f4xx_hal_i2c.o(i.HAL_I2C_Mem_Read) for HAL_I2C_Mem_Read
    eeprom.o(i.EEPROM_Read) refers to main.o(.bss) for hi2c1
    eeprom.o(i.EEPROM_Read_NUM) refers to eeprom.o(i.EEPROM_Read) for EEPROM_Read
    eeprom.o(i.EEPROM_Read_NUM) refers to eeprom.o(i.Bytes2float) for Bytes2float
    eeprom.o(i.EEPROM_Write) refers to log.o(i.__hardfp_log) for __hardfp_log
    eeprom.o(i.EEPROM_Write) refers to ddiv.o(x$fpl$ddiv) for __aeabi_ddiv
    eeprom.o(i.EEPROM_Write) refers to dfix.o(x$fpl$dfix) for __aeabi_d2iz
    eeprom.o(i.EEPROM_Write) refers to eeprom.o(i.bytestowrite) for bytestowrite
    eeprom.o(i.EEPROM_Write) refers to stm32f4xx_hal_i2c.o(i.HAL_I2C_Mem_Write) for HAL_I2C_Mem_Write
    eeprom.o(i.EEPROM_Write) refers to stm32f4xx_hal.o(i.HAL_Delay) for HAL_Delay
    eeprom.o(i.EEPROM_Write) refers to main.o(.bss) for hi2c1
    eeprom.o(i.EEPROM_Write_NUM) refers to eeprom.o(i.float2Bytes) for float2Bytes
    eeprom.o(i.EEPROM_Write_NUM) refers to eeprom.o(i.EEPROM_Write) for EEPROM_Write
    eeprom.o(i.EEPROM_Write_NUM) refers to eeprom.o(.data) for .data
    main.o(i.Absolute_Position_Reception) refers to main.o(.bss) for .bss
[...]
    RTC_Alarm_IRQHandler                     0x0800035f   Thumb Code     0  startup_stm32f446xx.o(.text)
    RTC_WKUP_IRQHandler                      0x0800035f   Thumb Code     0  startup_stm32f446xx.o(.text)
    SAI1_IRQHandler                          0x0800035f   Thumb Code     0  startup_stm32f446xx.o(.text)
    SAI2_IRQHandler                          0x0800035f   Thumb Code     0  startup_stm32f446xx.o(.text)
    SDIO_IRQHandler                          0x0800035f   Thumb Code     0  startup_stm32f446xx.o(.text)
    SPDIF_RX_IRQHandler                      0x0800035f   Thumb Code     0  startup_stm32f446xx.o(.text)
    SPI1_IRQHandler                          0x0800035f   Thumb Code     0  startup_stm32f446xx.o(.text)
    SPI2_IRQHandler                          0x0800035f   Thumb Code     0  startup_stm32f446xx.o(.text)
    SPI3_IRQHandler                          0x0800035f   Thumb Code     0  startup_stm32f446xx.o(.text)
    SPI4_IRQHandler                          0x0800035f   Thumb Code     0  startup_stm32f446xx.o(.text)
    TAMP_STAMP_IRQHandler                    0x0800035f   Thumb Code     0  startup_stm32f446xx.o(.text)
    TIM1_BRK_TIM9_IRQHandler                 0x0800035f   Thumb Code     0  startup_stm32f446xx.o(.text)
    TIM1_CC_IRQHandler                       0x0800035f   Thumb Code     0  startup_stm32f446xx.o(.text)
    TIM1_TRG_COM_TIM11_IRQHandler            0x0800035f   Thumb Code     0  startup_stm32f446xx.o(.text)
    TIM2_IRQHandler                          0x0800035f   Thumb Code     0  startup_stm32f446xx.o(.text)
    TIM3_IRQHandler                          0x0800035f   Thumb Code     0  startup_stm32f446xx.o(.text)
    TIM4_IRQHandler                          0x0800035f   Thumb Code     0  startup_stm32f446xx.o(.text)
    TIM5_IRQHandler                          0x0800035f   Thumb Code     0  startup_stm32f446xx.o(.text)
    TIM6_DAC_IRQHandler                      0x0800035f   Thumb Code     0  startup_stm32f446xx.o(.text)
    TIM7_IRQHandler                          0x0800035f   Thumb Code     0  startup_stm32f446xx.o(.text)
    TIM8_BRK_TIM12_IRQHandler                0x0800035f   Thumb Code     0  startup_stm32f446xx.o(.text)
    TIM8_CC_IRQHandler                       0x0800035f   Thumb Code     0  startup_stm32f446xx.o(.text)
    TIM8_UP_TIM13_IRQHandler                 0x0800035f   Thumb Code     0  startup_stm32f446xx.o(.text)
    USART1_IRQHandler                        0x0800035f   Thumb Code     0  startup_stm32f446xx.o(.text)
    USART2_IRQHandler                        0x0800035f   Thumb Code     0  startup_stm32f446xx.o(.text)
    USART3_IRQHandler                        0x0800035f   Thumb Code     0  startup_stm32f446xx.o(.text)
    USART6_IRQHandler                        0x0800035f   Thumb Code     0  startup_stm32f446xx.o(.text)
    WWDG_IRQHandler                          0x0800035f   Thumb Code     0  startup_stm32f446xx.o(.text)
    __user_initial_stackheap                 0x08000361   Thumb Code     0  startup_stm32f446xx.o(.text)
    __aeabi_uldivmod                         0x08000385   Thumb Code     0  lludivv7m.o(.text)
    _ll_udiv                                 0x08000385   Thumb Code   238  lludivv7m.o(.text)
    __aeabi_memcpy4                          0x08000473   Thumb Code     0  rt_memcpy_w.o(.text)
    __aeabi_memcpy8                          0x08000473   Thumb Code     0  rt_memcpy_w.o(.text)
    __rt_memcpy_w                            0x08000473   Thumb Code   100  rt_memcpy_w.o(.text)
    _memcpy_lastbytes_aligned                0x080004bb   Thumb Code     0  rt_memcpy_w.o(.text)
    __aeabi_memclr4                          0x080004d7   Thumb Code     0  rt_memclr_w.o(.text)
    __aeabi_memclr8                          0x080004d7   Thumb Code     0  rt_memclr_w.o(.text)
    __rt_memclr_w                            0x080004d7   Thumb Code    78  rt_memclr_w.o(.text)
    _memset_w                                0x080004db   Thumb Code     0  rt_memclr_w.o(.text)
    __use_two_region_memory                  0x08000525   Thumb Code     2  heapauxi.o(.text)
    __rt_heap_escrow$2region                 0x08000527   Thumb Code     2  heapauxi.o(.text)
    __rt_heap_expand$2region                 0x08000529   Thumb Code     2  heapauxi.o(.text)
    __read_errno                             0x0800052b   Thumb Code    10  _rserrno.o(.text)
    __set_errno                              0x08000535   Thumb Code    12  _rserrno.o(.text)
    __aeabi_errno_addr                       0x08000541   Thumb Code     8  rt_errno_addr_intlibspace.o(.text)
    __errno$intlibspace                      0x08000541   Thumb Code     0  rt_errno_addr_intlibspace.o(.text)
    __rt_errno_addr$intlibspace              0x08000541   Thumb Code     0  rt_errno_addr_intlibspace.o(.text)
    __user_libspace                          0x08000549   Thumb Code     8  libspace.o(.text)
    __user_perproc_libspace                  0x08000549   Thumb Code     0  libspace.o(.text)
    __user_perthread_libspace                0x08000549   Thumb Code     0  libspace.o(.text)
    __user_setup_stackheap                   0x08000551   Thumb Code    74  sys_stackheap_outer.o(.text)
    exit                                     0x0800059b   Thumb Code    18  exit.o(.text)
    _sys_exit                                0x080005ad   Thumb Code     8  sys_exit.o(.text)
    __I$use$semihosting                      0x080005b9   Thumb Code     0  use_no_semi.o(.text)
    __use_no_semihosting_swi                 0x080005b9   Thumb Code     2  use_no_semi.o(.text)
    __semihosting_library_function           0x080005bb   Thumb Code     0  indicate_semi.o(.text)
    Absolute_Position_Reception              0x080005bd   Thumb Code    34  main.o(i.Absolute_Position_Reception)
    Battery_Status_Indication                0x080005e9   Thumb Code    74  main.o(i.Battery_Status_Indication)
    BusFault_Handler                         0x08000645   Thumb Code     2  stm32f4xx_it.o(i.BusFault_Handler)
    CAN1_RX0_IRQHandler                      0x08000649   Thumb Code     6  stm32f4xx_it.o(i.CAN1_RX0_IRQHandler)
    CAN1_RX1_IRQHandler                      0x08000655   Thumb Code     6  stm32f4xx_it.o(i.CAN1_RX1_IRQHandler)
    CAN2_RX0_IRQHandler                      0x08000661   Thumb Code     6  stm32f4xx_it.o(i.CAN2_RX0_IRQHandler)
    CAN2_RX1_IRQHandler                      0x0800066d   Thumb Code     6  stm32f4xx_it.o(i.CAN2_RX1_IRQHandler)
    CAN_Reception                            0x08000679   Thumb Code    64  main.o(i.CAN_Reception)
    CAN_SPI_READ                             0x080006bd   Thumb Code    10  main.o(i.CAN_SPI_READ)
    CAN_Transmit                             0x080006c9   Thumb Code   294  main.o(i.CAN_Transmit)
    Contour_PID                              0x080007fd   Thumb Code   248  main.o(i.Contour_PID)
    DebugMon_Handler                         0x08000909   Thumb Code     2  stm32f4xx_it.o(i.DebugMon_Handler)
    Differintial_Angle                       0x0800090d   Thumb Code   142  main.o(i.Differintial_Angle)
    Drive_Wheel_Controls                     0x080009c1   Thumb Code   750  main.o(i.Drive_Wheel_Controls)
    Drives_Error_Check                       0x08000ced   Thumb Code    44  main.o(i.Drives_Error_Check)
    Dynamic_Width_Adjustment                 0x08000d21   Thumb Code   340  main.o(i.Dynamic_Width_Adjustment)
    EEPROM_Read                              0x08000e85   Thumb Code   174  eeprom.o(i.EEPROM_Read)
    EEPROM_Store_Data                        0x08000f49   Thumb Code   102  main.o(i.EEPROM_Store_Data)
    EEPROM_Write                             0x08000fbd   Thumb Code   180  eeprom.o(i.EEPROM_Write)
    Error_Handler                            0x08001085   Thumb Code    74  main.o(i.Error_Handler)
    FMPI2C1_EV_IRQHandler                    0x080010d9   Thumb Code     2  stm32f4xx_it.o(i.FMPI2C1_EV_IRQHandler)
    Frame_Controls                           0x080010dd   Thumb Code   344  main.o(i.Frame_Controls)
    HAL_CAN_ActivateNotification             0x0800123d   Thumb Code    36  stm32f4xx_hal_can.o(i.HAL_CAN_ActivateNotification)
    HAL_CAN_AddTxMessage                     0x08001261   Thumb Code   226  stm32f4xx_hal_can.o(i.HAL_CAN_AddTxMessage)
    HAL_CAN_ConfigFilter                     0x08001345   Thumb Code   266  stm32f4xx_hal_can.o(i.HAL_CAN_ConfigFilter)
    HAL_CAN_ErrorCallback                    0x08001455   Thumb Code     2  stm32f4xx_hal_can.o(i.HAL_CAN_ErrorCallback)
    HAL_CAN_GetRxMessage                     0x08001457   Thumb Code   274  stm32f4xx_hal_can.o(i.HAL_CAN_GetRxMessage)
    HAL_CAN_IRQHandler                       0x08001569   Thumb Code   508  stm32f4xx_hal_can.o(i.HAL_CAN_IRQHandler)
    HAL_CAN_Init                             0x08001765   Thumb Code   338  stm32f4xx_hal_can.o(i.HAL_CAN_Init)
    HAL_CAN_MspInit                          0x080018b9   Thumb Code   272  stm32f4xx_hal_msp.o(i.HAL_CAN_MspInit)
    HAL_CAN_RxFifo0FullCallback              0x080019dd   Thumb Code     2  stm32f4xx_hal_can.o(i.HAL_CAN_RxFifo0FullCallback)
    HAL_CAN_RxFifo0MsgPendingCallback        0x080019e1   Thumb Code   498  main.o(i.HAL_CAN_RxFifo0MsgPendingCallback)
    HAL_CAN_RxFifo1FullCallback              0x08001be9   Thumb Code     2  stm32f4xx_hal_can.o(i.HAL_CAN_RxFifo1FullCallback)
    HAL_CAN_RxFifo1MsgPendingCallback        0x08001bed   Thumb Code   234  main.o(i.HAL_CAN_RxFifo1MsgPendingCallback)
    HAL_CAN_SleepCallback                    0x08001ce5   Thumb Code     2  stm32f4xx_hal_can.o(i.HAL_CAN_SleepCallback)
    HAL_CAN_Start                            0x08001ce7   Thumb Code    88  stm32f4xx_hal_can.o(i.HAL_CAN_Start)
    HAL_CAN_TxMailbox0AbortCallback          0x08001d3f   Thumb Code     2  stm32f4xx_hal_can.o(i.HAL_CAN_TxMailbox0AbortCallback)
    HAL_CAN_TxMailbox0CompleteCallback       0x08001d41   Thumb Code     2  stm32f4xx_hal_can.o(i.HAL_CAN_TxMailbox0CompleteCallback)
    HAL_CAN_TxMailbox1AbortCallback          0x08001d43   Thumb Code     2  stm32f4xx_hal_can.o(i.HAL_CAN_TxMailbox1AbortCallback)
    HAL_CAN_TxMailbox1CompleteCallback       0x08001d45   Thumb Code     2  stm32f4xx_hal_can.o(i.HAL_CAN_TxMailbox1CompleteCallback)
    HAL_CAN_TxMailbox2AbortCallback          0x08001d47   Thumb Code     2  stm32f4xx_hal_can.o(i.HAL_CAN_TxMailbox2AbortCallback)
    HAL_CAN_TxMailbox2CompleteCallback       0x08001d49   Thumb Code     2  stm32f4xx_hal_can.o(i.HAL_CAN_TxMailbox2CompleteCallback)
    HAL_CAN_WakeUpFromRxMsgCallback          0x08001d4b   Thumb Code     2  stm32f4xx_hal_can.o(i.HAL_CAN_WakeUpFromRxMsgCallback)
    HAL_DMA_Abort                            0x08001d4d   Thumb Code   142  stm32f4xx_hal_dma.o(i.HAL_DMA_Abort)
    HAL_DMA_Abort_IT                         0x08001ddb   Thumb Code    36  stm32f4xx_hal_dma.o(i.HAL_DMA_Abort_IT)
    HAL_DMA_GetState                         0x08001dff   Thumb Code     6  stm32f4xx_hal_dma.o(i.HAL_DMA_GetState)
    HAL_Delay                                0x08001e05   Thumb Code    32  stm32f4xx_hal.o(i.HAL_Delay)
    HAL_GPIO_Init                            0x08001e29   Thumb Code   410  stm32f4xx_hal_gpio.o(i.HAL_GPIO_Init)
    HAL_GPIO_ReadPin                         0x08001fed   Thumb Code    14  stm32f4xx_hal_gpio.o(i.HAL_GPIO_ReadPin)
    HAL_GPIO_WritePin                        0x08001ffb   Thumb Code    14  stm32f4xx_hal_gpio.o(i.HAL_GPIO_WritePin)
    HAL_GetTick                              0x08002009   Thumb Code     6  stm32f4xx_hal.o(i.HAL_GetTick)
    HAL_I2C_AbortCpltCallback                0x08002015   Thumb Code     2  stm32f4xx_hal_i2c.o(i.HAL_I2C_AbortCpltCallback)
    HAL_I2C_AddrCallback                     0x08002017   Thumb Code     2  stm32f4xx_hal_i2c.o(i.HAL_I2C_AddrCallback)
    HAL_I2C_EV_IRQHandler                    0x08002019   Thumb Code   412  stm32f4xx_hal_i2c.o(i.HAL_I2C_EV_IRQHandler)
    HAL_I2C_ErrorCallback                    0x080021b5   Thumb Code     2  stm32f4xx_hal_i2c.o(i.HAL_I2C_ErrorCallback)
    HAL_I2C_Init                             0x080021b9   Thumb Code   392  stm32f4xx_hal_i2c.o(i.HAL_I2C_Init)
    HAL_I2C_ListenCpltCallback               0x08002351   Thumb Code     2  stm32f4xx_hal_i2c.o(i.HAL_I2C_ListenCpltCallback)
    HAL_I2C_MasterRxCpltCallback             0x08002353   Thumb Code     2  stm32f4xx_hal_i2c.o(i.HAL_I2C_MasterRxCpltCallback)
    HAL_I2C_MasterTxCpltCallback             0x08002355   Thumb Code     2  stm32f4xx_hal_i2c.o(i.HAL_I2C_MasterTxCpltCallback)
    HAL_I2C_MemRxCpltCallback                0x08002357   Thumb Code     2  stm32f4xx_hal_i2c.o(i.HAL_I2C_MemRxCpltCallback)
    HAL_I2C_MemTxCpltCallback                0x08002359   Thumb Code     2  stm32f4xx_hal_i2c.o(i.HAL_I2C_MemTxCpltCallback)
    HAL_I2C_Mem_Read                         0x0800235d   Thumb Code   656  stm32f4xx_hal_i2c.o(i.HAL_I2C_Mem_Read)
    HAL_I2C_Mem_Write                        0x080025f9   Thumb Code   316  stm32f4xx_hal_i2c.o(i.HAL_I2C_Mem_Write)
    HAL_I2C_MspInit                          0x0800273d   Thumb Code   108  stm32f4xx_hal_msp.o(i.HAL_I2C_MspInit)
    HAL_I2C_SlaveRxCpltCallback              0x080027b5   Thumb Code     2  stm32f4xx_hal_i2c.o(i.HAL_I2C_SlaveRxCpltCallback)
    HAL_I2C_SlaveTxCpltCallback              0x080027b7   Thumb Code     2  stm32f4xx_hal_i2c.o(i.HAL_I2C_SlaveTxCpltCallback)
    HAL_IncTick                              0x080027b9   Thumb Code    12  stm32f4xx_hal.o(i.HAL_IncTick)
    HAL_Init                                 0x080027c9   Thumb Code    48  stm32f4xx_hal.o(i.HAL_Init)
    HAL_InitTick                             0x080027fd   Thumb Code   120  stm32f4xx_hal_timebase_tim.o(i.HAL_InitTick)
    HAL_MspInit                              0x08002889   Thumb Code    52  stm32f4xx_hal_msp.o(i.HAL_MspInit)
    HAL_NVIC_EnableIRQ                       0x080028c1   Thumb Code    26  stm32f4xx_hal_cortex.o(i.HAL_NVIC_EnableIRQ)
    HAL_NVIC_SetPriority                     0x080028dd   Thumb Code    60  stm32f4xx_hal_cortex.o(i.HAL_NVIC_SetPriority)
    HAL_NVIC_SetPriorityGrouping             0x0800291d   Thumb Code    26  stm32f4xx_hal_cortex.o(i.HAL_NVIC_SetPriorityGrouping)
    HAL_PWREx_EnableOverDrive                0x08002941   Thumb Code   104  stm32f4xx_hal_pwr_ex.o(i.HAL_PWREx_EnableOverDrive)
    HAL_RCC_ClockConfig                      0x080029b5   Thumb Code   310  stm32f4xx_hal_rcc.o(i.HAL_RCC_ClockConfig)
    HAL_RCC_GetClockConfig                   0x08002b01   Thumb Code    52  stm32f4xx_hal_rcc.o(i.HAL_RCC_GetClockConfig)
    HAL_RCC_GetHCLKFreq                      0x08002b3d   Thumb Code     6  stm32f4xx_hal_rcc.o(i.HAL_RCC_GetHCLKFreq)
    HAL_RCC_GetPCLK1Freq                     0x08002b49   Thumb Code    22  stm32f4xx_hal_rcc.o(i.HAL_RCC_GetPCLK1Freq)
    HAL_RCC_GetPCLK2Freq                     0x08002b69   Thumb Code    22  stm32f4xx_hal_rcc.o(i.HAL_RCC_GetPCLK2Freq)
    HAL_RCC_GetSysClockFreq                  0x08002b89   Thumb Code   156  stm32f4xx_hal_rcc_ex.o(i.HAL_RCC_GetSysClockFreq)
    HAL_RCC_OscConfig                        0x08002c2d   Thumb Code  1028  stm32f4xx_hal_rcc_ex.o(i.HAL_RCC_OscConfig)
    HAL_TIMEx_BreakCallback                  0x08003031   Thumb Code     2  stm32f4xx_hal_tim_ex.o(i.HAL_TIMEx_BreakCallback)
    HAL_TIMEx_CommutCallback                 0x08003033   Thumb Code     2  stm32f4xx_hal_tim_ex.o(i.HAL_TIMEx_CommutCallback)
    HAL_TIM_Base_Init                        0x08003035   Thumb Code    74  stm32f4xx_hal_tim.o(i.HAL_TIM_Base_Init)
    HAL_TIM_Base_MspInit                     0x08003081   Thumb Code    50  stm32f4xx_hal_msp.o(i.HAL_TIM_Base_MspInit)
    HAL_TIM_Base_Start_IT                    0x080030bd   Thumb Code   110  stm32f4xx_hal_tim.o(i.HAL_TIM_Base_Start_IT)
    HAL_TIM_IC_CaptureCallback               0x08003149   Thumb Code     2  stm32f4xx_hal_tim.o(i.HAL_TIM_IC_CaptureCallback)
    HAL_TIM_IRQHandler                       0x0800314b   Thumb Code   312  stm32f4xx_hal_tim.o(i.HAL_TIM_IRQHandler)
    HAL_TIM_OC_DelayElapsedCallback          0x08003283   Thumb Code     2  stm32f4xx_hal_tim.o(i.HAL_TIM_OC_DelayElapsedCallback)
    HAL_TIM_PWM_PulseFinishedCallback        0x08003285   Thumb Code     2  stm32f4xx_hal_tim.o(i.HAL_TIM_PWM_PulseFinishedCallback)
    HAL_TIM_PeriodElapsedCallback            0x08003289   Thumb Code    14  main.o(i.HAL_TIM_PeriodElapsedCallback)
    HAL_TIM_TriggerCallback                  0x0800329d   Thumb Code     2  stm32f4xx_hal_tim.o(i.HAL_TIM_TriggerCallback)
    HAL_UARTEx_RxEventCallback               0x0800329f   Thumb Code     2  stm32f4xx_hal_uart.o(i.HAL_UARTEx_RxEventCallback)
    HAL_UART_ErrorCallback                   0x080032a1   Thumb Code     2  stm32f4xx_hal_uart.o(i.HAL_UART_ErrorCallback)
    HAL_UART_IRQHandler                      0x080032a5   Thumb Code   556  stm32f4xx_hal_uart.o(i.HAL_UART_IRQHandler)
    HAL_UART_Init                            0x080034d5   Thumb Code   102  stm32f4xx_hal_uart.o(i.HAL_UART_Init)
    HAL_UART_MspInit                         0x0800353d   Thumb Code   218  stm32f4xx_hal_msp.o(i.HAL_UART_MspInit)
    HAL_UART_Receive_IT                      0x08003631   Thumb Code    28  stm32f4xx_hal_uart.o(i.HAL_UART_Receive_IT)
    HAL_UART_RxCpltCallback                  0x0800364d   Thumb Code    22  main.o(i.HAL_UART_RxCpltCallback)
    HAL_UART_Transmit_IT                     0x08003671   Thumb Code    50  stm32f4xx_hal_uart.o(i.HAL_UART_Transmit_IT)
    HAL_UART_TxCpltCallback                  0x080036a3   Thumb Code     2  stm32f4xx_hal_uart.o(i.HAL_UART_TxCpltCallback)
    HardFault_Handler                        0x080036a5   Thumb Code     2  stm32f4xx_it.o(i.HardFault_Handler)
    Heal_Error                               0x080036a9   Thumb Code   106  main.o(i.Heal_Error)
    I2C1_EV_IRQHandler                       0x08003721   Thumb Code     6  stm32f4xx_it.o(i.I2C1_EV_IRQHandler)
    Joystick_Reception                       0x08004741   Thumb Code    94  main.o(i.Joystick_Reception)
    MemManage_Handler                        0x08004a05   Thumb Code     2  stm32f4xx_it.o(i.MemManage_Handler)
    NMI_Handler                              0x08004a07   Thumb Code     2  stm32f4xx_it.o(i.NMI_Handler)
    New_Sensor_Pos                           0x08004a09   Thumb Code   138  main.o(i.New_Sensor_Pos)
    Read_EEPROM_Data                         0x08004ab5   Thumb Code   120  main.o(i.Read_EEPROM_Data)
    Reboot                                   0x08004b35   Thumb Code    34  main.o(i.Reboot)
    Right_Verticality_PID                    0x08004b61   Thumb Code   252  main.o(i.Right_Verticality_PID)
    Set_Motor_Torque                         0x08004c71   Thumb Code    42  main.o(i.Set_Motor_Torque)
    Set_Motor_Velocity                       0x08004c9d   Thumb Code    98  main.o(i.Set_Motor_Velocity)
    Shearing_Motors                          0x08004d05   Thumb Code   164  main.o(i.Shearing_Motors)
    StartDefaultTask                         0x08004db9   Thumb Code    20  main.o(i.StartDefaultTask)
    Start_Calibration_For                    0x08004dcd   Thumb Code    52  main.o(i.Start_Calibration_For)
    Start_HP_Tasks                           0x08004e09   Thumb Code    24  main.o(i.Start_HP_Tasks)
    Start_LP_Tasks                           0x08004e21   Thumb Code    16  main.o(i.Start_LP_Tasks)
    Steering_Controls                        0x08004e31   Thumb Code  2322  main.o(i.Steering_Controls)
    Stop_Motors                              0x0800575d   Thumb Code    74  main.o(i.Stop_Motors)
    SysTick_Handler                          0x080057b1   Thumb Code    38  port.o(i.SysTick_Handler)
    SystemClock_Config                       0x080057dd   Thumb Code   152  main.o(i.SystemClock_Config)
    SystemInit                               0x0800587d   Thumb Code    12  system_stm32f4xx.o(i.SystemInit)
    TIM1_UP_TIM10_IRQHandler                 0x0800588d   Thumb Code     6  stm32f4xx_it.o(i.TIM1_UP_TIM10_IRQHandler)
    TIM8_TRG_COM_TIM14_IRQHandler            0x08005899   Thumb Code     6  stm32f4xx_it.o(i.TIM8_TRG_COM_TIM14_IRQHandler)
    TIM_Base_SetConfig                       0x080058a5   Thumb Code   174  stm32f4xx_hal_tim.o(i.TIM_Base_SetConfig)
    UART4_IRQHandler                         0x08005981   Thumb Code     6  stm32f4xx_it.o(i.UART4_IRQHandler)
    UART5_IRQHandler                         0x0800598d   Thumb Code     6  stm32f4xx_it.o(i.UART5_IRQHandler)
    UART_Start_Receive_IT                    0x08005bed   Thumb Code    56  stm32f4xx_hal_uart.o(i.UART_Start_Receive_IT)
    UsageFault_Handler                       0x08005c83   Thumb Code     2  stm32f4xx_it.o(i.UsageFault_Handler)
    __ARM_fpclassify                         0x08005c85   Thumb Code    48  fpclassify.o(i.__ARM_fpclassify)
    __hardfp_atan                            0x08005cd9   Thumb Code   622  atan.o(i.__hardfp_atan)
    __hardfp_fabs                            0x08005fb1   Thumb Code    20  fabs.o(i.__hardfp_fabs)
    __hardfp_log                             0x08005fc9   Thumb Code   872  log.o(i.__hardfp_log)
    __hardfp_tan                             0x08006391   Thumb Code   108  tan.o(i.__hardfp_tan)
    __ieee754_rem_pio2                       0x08006411   Thumb Code   938  rred.o(i.__ieee754_rem_pio2)
    __kernel_poly                            0x08006849   Thumb Code   248  poly.o(i.__kernel_poly)
    __kernel_tan                             0x08006941   Thumb Code   764  tan_i.o(i.__kernel_tan)
    __mathlib_dbl_divzero                    0x08006c91   Thumb Code    28  dunder.o(i.__mathlib_dbl_divzero)
    __mathlib_dbl_infnan                     0x08006cc1   Thumb Code    20  dunder.o(i.__mathlib_dbl_infnan)
    __mathlib_dbl_invalid                    0x08006cd9   Thumb Code    24  dunder.o(i.__mathlib_dbl_invalid)
    __mathlib_dbl_underflow                  0x08006cf9   Thumb Code    24  dunder.o(i.__mathlib_dbl_underflow)
    bytestowrite                             0x08006d19   Thumb Code    14  eeprom.o(i.bytestowrite)
    fabs                                     0x08006d27   Thumb Code    24  fabs.o(i.fabs)
    main                                     0x08006d41   Thumb Code   474  main.o(i.main)
    osDelay                                  0x08006f45   Thumb Code    16  cmsis_os.o(i.osDelay)
    osKernelStart                            0x08006f55   Thumb Code    10  cmsis_os.o(i.osKernelStart)
    osThreadCreate                           0x08006f5f   Thumb Code    88  cmsis_os.o(i.osThreadCreate)
    pvPortMalloc                             0x08007331   Thumb Code   214  heap_4.o(i.pvPortMalloc)
    pxPortInitialiseStack                    0x0800740d   Thumb Code    30  port.o(i.pxPortInitialiseStack)
    uxListRemove                             0x08007431   Thumb Code    38  list.o(i.uxListRemove)
    vApplicationGetIdleTaskMemory            0x08007459   Thumb Code    16  freertos.o(i.vApplicationGetIdleTaskMemory)
    vListInitialise                          0x0800746d   Thumb Code    22  list.o(i.vListInitialise)
    vListInitialiseItem                      0x08007483   Thumb Code     6  list.o(i.vListInitialiseItem)
    vListInsert                              0x08007489   Thumb Code    48  list.o(i.vListInsert)
    vListInsertEnd                           0x080074b9   Thumb Code    24  list.o(i.vListInsertEnd)
    vPortEnterCritical                       0x080074d1   Thumb Code    54  port.o(i.vPortEnterCritical)
    vPortExitCritical                        0x08007511   Thumb Code    38  port.o(i.vPortExitCritical)
    vPortFree                                0x0800753d   Thumb Code    94  heap_4.o(i.vPortFree)
    vPortSetupTimerInterrupt                 0x080075a1   Thumb Code    32  port.o(i.vPortSetupTimerInterrupt)
    vTaskDelay                               0x080075c5   Thumb Code    70  tasks.o(i.vTaskDelay)
    vTaskStartScheduler                      0x08007615   Thumb Code   118  tasks.o(i.vTaskStartScheduler)
    vTaskSuspendAll                          0x0800769d   Thumb Code    10  tasks.o(i.vTaskSuspendAll)
    vTaskSwitchContext                       0x080076ad   Thumb Code    86  tasks.o(i.vTaskSwitchContext)
    xPortStartScheduler                      0x0800770d   Thumb Code   222  port.o(i.xPortStartScheduler)
    xTaskCreate                              0x08007801   Thumb Code   100  tasks.o(i.xTaskCreate)
    xTaskCreateStatic                        0x08007865   Thumb Code    92  tasks.o(i.xTaskCreateStatic)
    xTaskIncrementTick                       0x080078c1   Thumb Code   198  tasks.o(i.xTaskIncrementTick)
    xTaskResumeAll                           0x08007991   Thumb Code   192  tasks.o(i.xTaskResumeAll)
    __aeabi_dneg                             0x08007a5d   Thumb Code     0  basic.o(x$fpl$basic)
    _dneg                                    0x08007a5d   Thumb Code     6  basic.o(x$fpl$basic)
    __aeabi_fneg                             0x08007a63   Thumb Code     0  basic.o(x$fpl$basic)
    _fneg                                    0x08007a63   Thumb Code     6  basic.o(x$fpl$basic)
    _dabs                                    0x08007a69   Thumb Code     6  basic.o(x$fpl$basic)
    _fabs                                    0x08007a6f   Thumb Code     6  basic.o(x$fpl$basic)
    __aeabi_d2f                              0x08007a75   Thumb Code     0  d2f.o(x$fpl$d2f)
    _d2f                                     0x08007a75   Thumb Code    98  d2f.o(x$fpl$d2f)
    __aeabi_dadd                             0x08007ad9   Thumb Code     0  daddsub_clz.o(x$fpl$dadd)
    _dadd                                    0x08007ad9   Thumb Code   332  daddsub_clz.o(x$fpl$dadd)
    __fpl_dcmp_Inf                           0x08007c29   Thumb Code    24  dcmpi.o(x$fpl$dcmpinf)
    __aeabi_ddiv                             0x08007c41   Thumb Code     0  ddiv.o(x$fpl$ddiv)
    _ddiv                                    0x08007c41   Thumb Code   552  ddiv.o(x$fpl$ddiv)
    __aeabi_cdcmpeq                          0x08007ef1   Thumb Code     0  deqf.o(x$fpl$deqf)
    _dcmpeq                                  0x08007ef1   Thumb Code   120  deqf.o(x$fpl$deqf)
    __aeabi_d2iz                             0x08007f69   Thumb Code     0  dfix.o(x$fpl$dfix)
    _dfix                                    0x08007f69   Thumb Code    94  dfix.o(x$fpl$dfix)
    __aeabi_i2d                              0x08007fc7   Thumb Code     0  dflt_clz.o(x$fpl$dflt)
    _dflt                                    0x08007fc7   Thumb Code    46  dflt_clz.o(x$fpl$dflt)
    __aeabi_ui2d                             0x08007ff5   Thumb Code     0  dflt_clz.o(x$fpl$dfltu)
    _dfltu                                   0x08007ff5   Thumb Code    38  dflt_clz.o(x$fpl$dfltu)
    __aeabi_cdcmple                          0x0800801d   Thumb Code     0  dleqf.o(x$fpl$dleqf)
    _dcmple                                  0x0800801d   Thumb Code   120  dleqf.o(x$fpl$dleqf)
    __fpl_dcmple_InfNaN                      0x0800807f   Thumb Code     0  dleqf.o(x$fpl$dleqf)
    __aeabi_dmul                             0x08008095   Thumb Code     0  dmul.o(x$fpl$dmul)
    _dmul                                    0x08008095   Thumb Code   332  dmul.o(x$fpl$dmul)
    __fpl_dnaninf                            0x080081e9   Thumb Code   156  dnaninf.o(x$fpl$dnaninf)
    __fpl_dretinf                            0x08008285   Thumb Code    12  dretinf.o(x$fpl$dretinf)
    __aeabi_cdrcmple                         0x08008291   Thumb Code     0  drleqf.o(x$fpl$drleqf)
    _drcmple                                 0x08008291   Thumb Code   108  drleqf.o(x$fpl$drleqf)
    __aeabi_drsub                            0x080082fd   Thumb Code     0  daddsub_clz.o(x$fpl$drsb)
    _drsb                                    0x080082fd   Thumb Code    22  daddsub_clz.o(x$fpl$drsb)
    __aeabi_dsub                             0x08008315   Thumb Code     0  daddsub_clz.o(x$fpl$dsub)
    _dsub                                    0x08008315   Thumb Code   464  daddsub_clz.o(x$fpl$dsub)
    __aeabi_f2d                              0x080084e9   Thumb Code     0  f2d.o(x$fpl$f2d)
    _f2d                                     0x080084e9   Thumb Code    86  f2d.o(x$fpl$f2d)
    __fpl_fnaninf                            0x0800853f   Thumb Code   140  fnaninf.o(x$fpl$fnaninf)
    _fp_init                                 0x080085cb   Thumb Code    10  fpinit.o(x$fpl$fpinit)
    __fplib_config_fpu_vfp                   0x080085d3   Thumb Code     0  fpinit.o(x$fpl$fpinit)
    __fplib_config_pureend_doubles           0x080085d3   Thumb Code     0  fpinit.o(x$fpl$fpinit)
    __fpl_fretinf                            0x080085d5   Thumb Code    10  fretinf.o(x$fpl$fretinf)
    __I$use$fp                               0x080085de   Number         0  usenofp.o(x$fpl$usenofp)
    AHBPrescTable                            0x08008634   Data          16  system_stm32f4xx.o(.constdata)
    APBPrescTable                            0x08008644   Data           8  system_stm32f4xx.o(.constdata)
    __mathlib_zero                           0x08008720   Data           8  qnan.o(.constdata)
    Region$$Table$$Base                      0x08008878   Number         0  anon$$obj.o(Region$$Table)
    Region$$Table$$Limit                     0x08008898   Number         0  anon$$obj.o(Region$$Table)
    BT_Count                                 0x20000000   Data           1  main.o(.data)
    BT_State                                 0x20000001   Data           1  main.o(.data)
    Prev_BT_State                            0x20000002   Data           1  main.o(.data)
    Received_Node_Id                         0x20000003   Data           1  main.o(.data)
    Received_Command_Id                      0x20000004   Data           1  main.o(.data)
    Volt_Tx                                  0x20000005   Data           1  main.o(.data)
    Volt_Tx_Temp                             0x20000006   Data           1  main.o(.data)
    LVert                                    0x20000007   Data           1  main.o(.data)
    RVert                                    0x20000008   Data           1  main.o(.data)
    Contour                                  0x20000009   Data           1  main.o(.data)
    LFS                                      0x2000000a   Data           1  main.o(.data)
    LRS                                      0x2000000b   Data           1  main.o(.data)
    RFS                                      0x2000000c   Data           1  main.o(.data)
    RRS                                      0x2000000d   Data           1  main.o(.data)
    L_Arm                                    0x2000000e   Data           1  main.o(.data)
    R_Arm                                    0x2000000f   Data           1  main.o(.data)
    P_Arm                                    0x20000010   Data           1  main.o(.data)
    Upper_Width                              0x20000011   Data           1  main.o(.data)
    Lower_Width                              0x20000012   Data           1  main.o(.data)
    Left_IMU_State                           0x20000013   Data           1  main.o(.data)
    Steering_Reset_Flag                      0x20000014   Data           1  main.o(.data)
    LF_SET                                   0x20000015   Data           1  main.o(.data)
    LR_SET                                   0x20000016   Data           1  main.o(.data)
    RF_SET                                   0x20000017   Data           1  main.o(.data)
    RR_SET                                   0x20000018   Data           1  main.o(.data)
    Angle_Ready                              0x20000019   Data           1  main.o(.data)
    Front_Left_Bush                          0x2000001a   Data           1  main.o(.data)
    Front_Right_Bush                         0x2000001b   Data           1  main.o(.data)
    Front_Bushes_Sensed                      0x2000001c   Data           1  main.o(.data)
    First_Sense                              0x2000001d   Data           1  main.o(.data)
    Rear_Bush                                0x2000001e   Data           1  main.o(.data)
    Mode                                     0x2000001f   Data           1  main.o(.data)
    Speed                                    0x20000020   Data           1  main.o(.data)
    Joystick                                 0x20000021   Data           1  main.o(.data)
    Steering_Mode                            0x20000022   Data           1  main.o(.data)
    Shearing                                 0x20000023   Data           1  main.o(.data)
    Pot_Angle                                0x20000024   Data           1  main.o(.data)
    Joystick_Temp                            0x20000025   Data           1  main.o(.data)
    Shearing_Temp                            0x20000026   Data           1  main.o(.data)
    Steering_Mode_Temp                       0x20000027   Data           1  main.o(.data)
    BT_Steer_Temp                            0x20000028   Data           1  main.o(.data)
    DRIVES_ERROR_FLAG                        0x20000029   Data           1  main.o(.data)
    Left_Error_Flag                          0x2000002a   Data           1  main.o(.data)
    Right_Error_Flag                         0x2000002b   Data           1  main.o(.data)
    Contour_Error_Flag                       0x2000002c   Data           1  main.o(.data)
    FRAME_NO_ERROR_FLAG                      0x2000002d   Data           1  main.o(.data)
    Right_Vertical_On_Limit                  0x2000002e   Data           1  main.o(.data)
    Contour_On_Limit                         0x2000002f   Data           1  main.o(.data)
    Frame_Buzz_Switch                        0x20000030   Data           1  main.o(.data)
    Track_Width                              0x20000032   Data           2  main.o(.data)
    Zero_Turn_Angle                          0x20000034   Data           2  main.o(.data)
    FL_Home_Pos                              0x20000036   Data           2  main.o(.data)
    CAN_Count                                0x20000038   Data           4  main.o(.data)
    Rover_Voltage                            0x2000003c   Data           4  main.o(.data)
    L_Roll                                   0x20000040   Data           4  main.o(.data)
    L_Pitch                                  0x20000044   Data           4  main.o(.data)
    R_Roll                                   0x20000048   Data           4  main.o(.data)
    R_Pitch                                  0x2000004c   Data           4  main.o(.data)
    Left_Roll_Pos                            0x20000050   Data           4  main.o(.data)
    Right_Roll_Pos                           0x20000054   Data           4  main.o(.data)
    Right_Pitch_Pos                          0x20000058   Data           4  main.o(.data)
    LF_Steering                              0x2000005c   Data           4  main.o(.data)
    LR_Steering                              0x20000060   Data           4  main.o(.data)
    RF_Steering                              0x20000064   Data           4  main.o(.data)
    RR_Steering                              0x20000068   Data           4  main.o(.data)
    LF_HomePos                               0x2000006c   Data           4  main.o(.data)
    LR_HomePos                               0x20000070   Data           4  main.o(.data)
    RF_HomePos                               0x20000074   Data           4  main.o(.data)
    RR_HomePos                               0x20000078   Data           4  main.o(.data)
    LF_Speed                                 0x2000007c   Data           4  main.o(.data)
    LR_Speed                                 0x20000080   Data           4  main.o(.data)
    RF_Speed                                 0x20000084   Data           4  main.o(.data)
    RR_Speed                                 0x20000088   Data           4  main.o(.data)
    LF_Speed_Temp                            0x2000008c   Data           4  main.o(.data)
    LR_Speed_Temp                            0x20000090   Data           4  main.o(.data)
    RF_Speed_Temp                            0x20000094   Data           4  main.o(.data)
    RR_Speed_Temp                            0x20000098   Data           4  main.o(.data)
    LF_Error                                 0x2000009c   Data           4  main.o(.data)
    LR_Error                                 0x200000a0   Data           4  main.o(.data)
    RF_Error                                 0x200000a4   Data           4  main.o(.data)
    RR_Error                                 0x200000a8   Data           4  main.o(.data)
    Inner_Angle                              0x200000ac   Data           4  main.o(.data)
    Outer_Angle                              0x200000b0   Data           4  main.o(.data)
    Prev_Inner_Angle                         0x200000b4   Data           4  main.o(.data)
    AW_Angle                                 0x200000b8   Data           4  main.o(.data)
    Outer_Angle_2                            0x200000bc   Data           4  main.o(.data)
    LS_Angle                                 0x200000c0   Data           4  main.o(.data)
    RS_Angle                                 0x200000c4   Data           4  main.o(.data)
    FL_Raw                                   0x200000c8   Data           4  main.o(.data)
    FL_Angle                                 0x200000cc   Data           4  main.o(.data)
    FR_Angle                                 0x200000d0   Data           4  main.o(.data)
    RL_Angle                                 0x200000d4   Data           4  main.o(.data)
    RR_Angle                                 0x200000d8   Data           4  main.o(.data)
    Left_Arm_Motor_Count                     0x200000dc   Data           4  main.o(.data)
    Right_Arm_Motor_Count                    0x200000e0   Data           4  main.o(.data)
    Right_Arm_Motor_Value                    0x200000e4   Data           4  main.o(.data)
    Left_Arm_Motor_Value                     0x200000e8   Data           4  main.o(.data)
    Pitch_Arm_Motor_Count                    0x200000ec   Data           4  main.o(.data)
    Pitch_Arm_Motor_Value                    0x200000f0   Data           4  main.o(.data)
    L_Arm_Speed                              0x200000f4   Data           4  main.o(.data)
    R_Arm_Speed                              0x200000f8   Data           4  main.o(.data)
    L_Arm_Speed_Temp                         0x200000fc   Data           4  main.o(.data)
    R_Arm_Speed_Temp                         0x20000100   Data           4  main.o(.data)
    Pitch_Arm_Speed                          0x20000104   Data           4  main.o(.data)
    Pitch_Arm_Speed_Temp                     0x20000108   Data           4  main.o(.data)
    Tri_Arm_Speed                            0x2000010c   Data           4  main.o(.data)
    Flaps_Target                             0x20000110   Data           4  main.o(.data)
    Flap_Error                               0x20000114   Data           4  main.o(.data)
    Flap_Kp                                  0x20000118   Data           4  main.o(.data)
    R_R_Err                                  0x2000011c   Data           4  main.o(.data)
    C_Err                                    0x20000120   Data           4  main.o(.data)
    Wheel_Torque                             0x20000124   Data           4  main.o(.data)
    Vel_Limit                                0x20000128   Data           4  main.o(.data)
    Vel_Limit_Temp                           0x2000012c   Data           4  main.o(.data)
    Torque                                   0x20000130   Data           4  main.o(.data)
    Torque_Temp                              0x20000134   Data           4  main.o(.data)
    Prev_Vel_Limit                           0x20000138   Data           4  main.o(.data)
    Left_Wheels_Torque                       0x2000013c   Data           4  main.o(.data)
    Left_Wheels_Torque_Temp                  0x20000140   Data           4  main.o(.data)
    L_Vert_Speed                             0x20000144   Data           4  main.o(.data)
    R_Vert_Speed                             0x20000148   Data           4  main.o(.data)
    L_Vert_Speed_Temp                        0x2000014c   Data           4  main.o(.data)
    R_Vert_Speed_Temp                        0x20000150   Data           4  main.o(.data)
    Contour_Speed                            0x20000154   Data           4  main.o(.data)
    Contour_Speed_Temp                       0x20000158   Data           4  main.o(.data)
    R_Error_Change                           0x2000015c   Data           4  main.o(.data)
    R_Error_Slope                            0x20000160   Data           4  main.o(.data)
    R_Error_Area                             0x20000164   Data           4  main.o(.data)
    R_Prev_Error                             0x20000168   Data           4  main.o(.data)
    R_Kp                                     0x2000016c   Data           4  main.o(.data)
    R_Ki                                     0x20000170   Data           4  main.o(.data)
    R_Kd                                     0x20000174   Data           4  main.o(.data)
    R_P                                      0x20000178   Data           4  main.o(.data)
    R_I                                      0x2000017c   Data           4  main.o(.data)
    R_D                                      0x20000180   Data           4  main.o(.data)
    Right_Out                                0x20000184   Data           4  main.o(.data)
    Contour_Out                              0x20000188   Data           4  main.o(.data)
    C_Error_Change                           0x2000018c   Data           4  main.o(.data)
    C_Error_Slope                            0x20000190   Data           4  main.o(.data)
    C_Error_Area                             0x20000194   Data           4  main.o(.data)
    C_Prev_Error                             0x20000198   Data           4  main.o(.data)
    C_Kp                                     0x2000019c   Data           4  main.o(.data)
    C_Ki                                     0x200001a0   Data           4  main.o(.data)
    C_Kd                                     0x200001a4   Data           4  main.o(.data)
    C_P                                      0x200001a8   Data           4  main.o(.data)
    C_I                                      0x200001ac   Data           4  main.o(.data)
    C_D                                      0x200001b0   Data           4  main.o(.data)
    Left_Vertical_Error                      0x200001b4   Data           4  main.o(.data)
    Current_Vel_Limit                        0x200001b8   Data           4  main.o(.data)
    Modified_Vel_Limit                       0x200001bc   Data           4  main.o(.data)
    Modified_Vel_Limit_Temp                  0x200001c0   Data           4  main.o(.data)
    Prev_Mod                                 0x200001c4   Data           4  main.o(.data)
    Width_Motor_Speed                        0x200001c8   Data           4  main.o(.data)
    Width_Motor_Temp                         0x200001cc   Data           4  main.o(.data)
    Lower_Width_Motor_Speed                  0x200001d0   Data           4  main.o(.data)
    Upper_Width_Motor_Speed                  0x200001d4   Data           4  main.o(.data)
    Lower_Width_Motor_Speed_Temp             0x200001d8   Data           4  main.o(.data)
    Upper_Width_Motor_Speed_Temp             0x200001dc   Data           4  main.o(.data)
    Lower_Width_Motor_Count                  0x200001e0   Data           4  main.o(.data)
    Upper_Width_Motor_Count                  0x200001e4   Data           4  main.o(.data)
    Lower_Width_Motor_Value                  0x200001e8   Data           4  main.o(.data)
    Upper_Width_Motor_Value                  0x200001ec   Data           4  main.o(.data)
    Right_Vertical_Motor_Value               0x200001f0   Data           4  main.o(.data)
    Contour_Motor_Value                      0x200001f4   Data           4  main.o(.data)
    DefaultTasksHandle                       0x200001f8   Data           4  main.o(.data)
    HP_TasksHandle                           0x200001fc   Data           4  main.o(.data)
    LP_TasksHandle                           0x20000200   Data           4  main.o(.data)
    TxMailbox                                0x20000204   Data           4  main.o(.data)
    dt                                       0x20000208   Data           8  main.o(.data)
    BT_Rx                                    0x20000210   Data           8  main.o(.data)
    RxBuff                                   0x20000218   Data           8  main.o(.data)
    TxData                                   0x20000220   Data           8  main.o(.data)
    RxData                                   0x20000228   Data           8  main.o(.data)
    RxData2                                  0x20000230   Data           8  main.o(.data)
    uwTickFreq                               0x2000023c   Data           1  stm32f4xx_hal.o(.data)
    uwTickPrio                               0x20000240   Data           4  stm32f4xx_hal.o(.data)
    uwTick                                   0x20000244   Data           4  stm32f4xx_hal.o(.data)
    SystemCoreClock                          0x20000248   Data           4  system_stm32f4xx.o(.data)
    pxCurrentTCB                             0x2000024c   Data           4  tasks.o(.data)
    hcan1                                    0x200002b4   Data          40  main.o(.bss)
    hcan2                                    0x200002dc   Data          40  main.o(.bss)
    hi2c1                                    0x20000304   Data          84  main.o(.bss)
    htim14                                   0x20000358   Data          72  main.o(.bss)
    huart4                                   0x200003a0   Data          72  main.o(.bss)
    huart5                                   0x200003e8   Data          72  main.o(.bss)
    TxHeader                                 0x20000430   Data          24  main.o(.bss)
    RxHeader                                 0x20000448   Data          28  main.o(.bss)
    RxHeader2                                0x20000464   Data          28  main.o(.bss)
    Node_Id                                  0x20000480   Data          23  main.o(.bss)
    Sensor_Id                                0x20000497   Data          10  main.o(.bss)
    Axis_State                               0x200004a1   Data          20  main.o(.bss)
    Motor_Velocity                           0x200004b8   Data          80  main.o(.bss)
    Motor_Error                              0x20000508   Data          20  main.o(.bss)
    Encoder_Error                            0x2000051c   Data          20  main.o(.bss)
    Motor_Current                            0x20000530   Data          20  main.o(.bss)
    Steer_Angle                              0x20000544   Data          10  main.o(.bss)
    Absolute_Position                        0x20000550   Data          80  main.o(.bss)
    Absolute_Position_Int                    0x200005a0   Data          40  main.o(.bss)
    Read_Value                               0x200005c8   Data          28  main.o(.bss)
    Write_Value                              0x200005e4   Data          28  main.o(.bss)
    htim1                                    0x20000854   Data          72  stm32f4xx_hal_timebase_tim.o(.bss)
    __libspace_start                         0x2000458c   Data          96  libspace.o(.bss)
    __temporary_stack_top$libspace           0x200045ec   Data           0  libspace.o(.bss)



==============================================================================

Memory Map of the image

  Image Entry point : 0x080001c5

  Load Region LR_IROM1 (Base: 0x08000000, Size: 0x00008b4c, Max: 0x00080000, ABSOLUTE, COMPRESSED[0x0000890c])

    Execution Region ER_IROM1 (Exec base: 0x08000000, Load base: 0x08000000, Size: 0x00008898, Max: 0x00080000, ABSOLUTE)

    Exec Addr    Load Addr    Size         Type   Attr      Idx    E Section Name        Object

    0x08000000   0x08000000   0x000001c4   Data   RO            3    RESET               startup_stm32f446xx.o
    0x080001c4   0x080001c4   0x00000008   Code   RO         6139  * !!!main             c_w.l(__main.o)
    0x080001cc   0x080001cc   0x00000034   Code   RO         6440    !!!scatter          c_w.l(__scatter.o)
    0x08000200   0x08000200   0x0000003a   Code   RO         6438    !!dczerorl          c_w.l(__dczerorl.o)
    0x0800023a   0x0800023a   0x00000002   PAD
    0x0800023c   0x0800023c   0x0000001c   Code   RO         6442    !!handler_zi        c_w.l(__scatter_zi.o)
    0x08000258   0x08000258   0x00000002   Code   RO         6309    .ARM.Collect$$libinit$$00000000  c_w.l(libinit.o)
    0x0800025a   0x0800025a   0x00000004   Code   RO         6318    .ARM.Collect$$libinit$$00000001  c_w.l(libinit2.o)
    0x0800025e   0x0800025e   0x00000000   Code   RO         6321    .ARM.Collect$$libinit$$00000004  c_w.l(libinit2.o)
    0x0800025e   0x0800025e   0x00000000   Code   RO         6324    .ARM.Collect$$libinit$$0000000A  c_w.l(libinit2.o)
    0x0800025e   0x0800025e   0x00000000   Code   RO         6326    .ARM.Collect$$libinit$$0000000C  c_w.l(libinit2.o)
    0x0800025e   0x0800025e   0x00000000   Code   RO         6328    .ARM.Collect$$libinit$$0000000E  c_w.l(libinit2.o)
    0x0800025e   0x0800025e   0x00000000   Code   RO         6331    .ARM.Collect$$libinit$$00000011  c_w.l(libinit2.o)
    0x0800025e   0x0800025e   0x00000000   Code   RO         6333    .ARM.Collect$$libinit$$00000013  c_w.l(libinit2.o)
    0x0800025e   0x0800025e   0x00000000   Code   RO         6335    .ARM.Collect$$libinit$$00000015  c_w.l(libinit2.o)
    0x0800025e   0x0800025e   0x00000000   Code   RO         6337    .ARM.Collect$$libinit$$00000017  c_w.l(libinit2.o)
    0x0800025e   0x0800025e   0x00000000   Code   RO         6339    .ARM.Collect$$libinit$$00000019  c_w.l(libinit2.o)
    0x0800025e   0x0800025e   0x00000000   Code   RO         6341    .ARM.Collect$$libinit$$0000001B  c_w.l(libinit2.o)
    0x0800025e   0x0800025e   0x00000000   Code   RO         6343    .ARM.Collect$$libinit$$0000001D  c_w.l(libinit2.o)
    0x0800025e   0x0800025e   0x00000000   Code   RO         6345    .ARM.Collect$$libinit$$0000001F  c_w.l(libinit2.o)
    0x0800025e   0x0800025e   0x00000000   Code   RO         6347    .ARM.Collect$$libinit$$00000021  c_w.l(libinit2.o)
    0x0800025e   0x0800025e   0x00000000   Code   RO         6349    .ARM.Collect$$libinit$$00000023  c_w.l(libinit2.o)
    0x0800025e   0x0800025e   0x00000000   Code   RO         6351    .ARM.Collect$$libinit$$00000025  c_w.l(libinit2.o)
    0x0800025e   0x0800025e   0x00000000   Code   RO         6355    .ARM.Collect$$libinit$$0000002C  c_w.l(libinit2.o)
    0x0800025e   0x0800025e   0x00000000   Code   RO         6357    .ARM.Collect$$libinit$$0000002E  c_w.l(libinit2.o)
    0x0800025e   0x0800025e   0x00000000   Code   RO         6359    .ARM.Collect$$libinit$$00000030  c_w.l(libinit2.o)
    0x0800025e   0x0800025e   0x00000000   Code   RO         6361    .ARM.Collect$$libinit$$00000032  c_w.l(libinit2.o)
    0x0800025e   0x0800025e   0x00000002   Code   RO         6362    .ARM.Collect$$libinit$$00000033  c_w.l(libinit2.o)
    0x08000260   0x08000260   0x00000002   Code   RO         6393    .ARM.Collect$$libshutdown$$00000000  c_w.l(libshutdown.o)
    0x08000262   0x08000262   0x00000000   Code   RO         6419    .ARM.Collect$$libshutdown$$00000002  c_w.l(libshutdown2.o)
    0x08000262   0x08000262   0x00000000   Code   RO         6421    .ARM.Collect$$libshutdown$$00000004  c_w.l(libshutdown2.o)
    0x08000262   0x08000262   0x00000000   Code   RO         6423    .ARM.Collect$$libshutdown$$00000006  c_w.l(libshutdown2.o)
    0x08000262   0x08000262   0x00000000   Code   RO         6426    .ARM.Collect$$libshutdown$$00000009  c_w.l(libshutdown2.o)
    0x08000262   0x08000262   0x00000000   Code   RO         6429    .ARM.Collect$$libshutdown$$0000000C  c_w.l(libshutdown2.o)
    0x08000262   0x08000262   0x00000000   Code   RO         6431    .ARM.Collect$$libshutdown$$0000000E  c_w.l(libshutdown2.o)
    0x08000262   0x08000262   0x00000000   Code   RO         6434    .ARM.Collect$$libshutdown$$00000011  c_w.l(libshutdown2.o)
    0x08000262   0x08000262   0x00000002   Code   RO         6435    .ARM.Collect$$libshutdown$$00000012  c_w.l(libshutdown2.o)
    0x08000264   0x08000264   0x00000000   Code   RO         6217    .ARM.Collect$$rtentry$$00000000  c_w.l(__rtentry.o)
    0x08000264   0x08000264   0x00000000   Code   RO         6272    .ARM.Collect$$rtentry$$00000002  c_w.l(__rtentry2.o)
    0x08000264   0x08000264   0x00000006   Code   RO         6284    .ARM.Collect$$rtentry$$00000004  c_w.l(__rtentry4.o)
    0x0800026a   0x0800026a   0x00000000   Code   RO         6274    .ARM.Collect$$rtentry$$00000009  c_w.l(__rtentry2.o)
    0x0800026a   0x0800026a   0x00000004   Code   RO         6275    .ARM.Collect$$rtentry$$0000000A  c_w.l(__rtentry2.o)
    0x0800026e   0x0800026e   0x00000000   Code   RO         6277    .ARM.Collect$$rtentry$$0000000C  c_w.l(__rtentry2.o)
    0x0800026e   0x0800026e   0x00000008   Code   RO         6278    .ARM.Collect$$rtentry$$0000000D  c_w.l(__rtentry2.o)
    0x08000276   0x08000276   0x00000002   Code   RO         6310    .ARM.Collect$$rtexit$$00000000  c_w.l(rtexit.o)
    0x08000278   0x08000278   0x00000000   Code   RO         6366    .ARM.Collect$$rtexit$$00000002  c_w.l(rtexit2.o)
    0x08000278   0x08000278   0x00000004   Code   RO         6367    .ARM.Collect$$rtexit$$00000003  c_w.l(rtexit2.o)
    0x0800027c   0x0800027c   0x00000006   Code   RO         6368    .ARM.Collect$$rtexit$$00000004  c_w.l(rtexit2.o)
    0x08000282   0x08000282   0x00000002   PAD
    0x08000284   0x08000284   0x000000be   Code   RO         6046    .emb_text           port.o
    0x08000342   0x08000342   0x00000002   PAD
    0x08000344   0x08000344   0x00000040   Code   RO            4    .text               startup_stm32f446xx.o
    0x08000384   0x08000384   0x000000ee   Code   RO         6125    .text               c_w.l(lludivv7m.o)
    0x08000472   0x08000472   0x00000064   Code   RO         6129    .text               c_w.l(rt_memcpy_w.o)
    0x080004d6   0x080004d6   0x0000004e   Code   RO         6135    .text               c_w.l(rt_memclr_w.o)
    0x08000524   0x08000524   0x00000006   Code   RO         6137    .text               c_w.l(heapauxi.o)
    0x0800052a   0x0800052a   0x00000016   Code   RO         6222    .text               c_w.l(_rserrno.o)
    0x08000540   0x08000540   0x00000008   Code   RO         6291    .text               c_w.l(rt_errno_addr_intlibspace.o)
    0x08000548   0x08000548   0x00000008   Code   RO         6293    .text               c_w.l(libspace.o)
    0x08000550   0x08000550   0x0000004a   Code   RO         6296    .text               c_w.l(sys_stackheap_outer.o)
    0x0800059a   0x0800059a   0x00000012   Code   RO         6298    .text               c_w.l(exit.o)
    0x080005ac   0x080005ac   0x0000000c   Code   RO         6363    .text               c_w.l(sys_exit.o)
    0x080005b8   0x080005b8   0x00000002   Code   RO         6382    .text               c_w.l(use_no_semi.o)
    0x080005ba   0x080005ba   0x00000000   Code   RO         6384    .text               c_w.l(indicate_semi.o)
    0x080005ba   0x080005ba   0x00000002   PAD
    0x080005bc   0x080005bc   0x0000002c   Code   RO          202    i.Absolute_Position_Reception  main.o
    0x080005e8   0x080005e8   0x0000005c   Code   RO          203    i.Battery_Status_Indication  main.o
    0x08000644   0x08000644   0x00000002   Code   RO          620    i.BusFault_Handler  stm32f4xx_it.o
    0x08000646   0x08000646   0x00000002   PAD
    0x08000648   0x08000648   0x0000000c   Code   RO          621    i.CAN1_RX0_IRQHandler  stm32f4xx_it.o
    0x08000654   0x08000654   0x0000000c   Code   RO          622    i.CAN1_RX1_IRQHandler  stm32f4xx_it.o
    0x08000660   0x08000660   0x0000000c   Code   RO          623    i.CAN2_RX0_IRQHandler  stm32f4xx_it.o
    0x0800066c   0x0800066c   0x0000000c   Code   RO          624    i.CAN2_RX1_IRQHandler  stm32f4xx_it.o
    0x08000678   0x08000678   0x00000044   Code   RO          204    i.CAN_Reception     main.o
    0x080006bc   0x080006bc   0x0000000a   Code   RO          205    i.CAN_SPI_READ      main.o
    0x080006c6   0x080006c6   0x00000002   PAD
    0x080006c8   0x080006c8   0x00000134   Code   RO          206    i.CAN_Transmit      main.o
    0x080007fc   0x080007fc   0x0000010c   Code   RO          207    i.Contour_PID       main.o
    0x08000908   0x08000908   0x00000002   Code   RO          625    i.DebugMon_Handler  stm32f4xx_it.o
    0x0800090a   0x0800090a   0x00000002   PAD
    0x0800090c   0x0800090c   0x000000b4   Code   RO          208    i.Differintial_Angle  main.o
    0x080009c0   0x080009c0   0x0000032c   Code   RO          209    i.Drive_Wheel_Controls  main.o
    0x08000cec   0x08000cec   0x00000034   Code   RO          210    i.Drives_Error_Check  main.o
    0x08000d20   0x08000d20   0x00000164   Code   RO          211    i.Dynamic_Width_Adjustment  main.o
    0x08000e84   0x08000e84   0x000000c4   Code   RO           15    i.EEPROM_Read       eeprom.o
    0x08000f48   0x08000f48   0x00000074   Code   RO          212    i.EEPROM_Store_Data  main.o
    0x08000fbc   0x08000fbc   0x000000c8   Code   RO           17    i.EEPROM_Write      eeprom.o
    0x08001084   0x08001084   0x00000054   Code   RO          213    i.Error_Handler     main.o
    0x080010d8   0x080010d8   0x00000002   Code   RO          626    i.FMPI2C1_EV_IRQHandler  stm32f4xx_it.o
    0x080010da   0x080010da   0x00000002   PAD
    0x080010dc   0x080010dc   0x00000160   Code   RO          214    i.Frame_Controls    main.o
    0x0800123c   0x0800123c   0x00000024   Code   RO          864    i.HAL_CAN_ActivateNotification  stm32f4xx_hal_can.o
    0x08001260   0x08001260   0x000000e2   Code   RO          865    i.HAL_CAN_AddTxMessage  stm32f4xx_hal_can.o
    0x08001342   0x08001342   0x00000002   PAD
    0x08001344   0x08001344   0x00000110   Code   RO          866    i.HAL_CAN_ConfigFilter  stm32f4xx_hal_can.o
    0x08001454   0x08001454   0x00000002   Code   RO          869    i.HAL_CAN_ErrorCallback  stm32f4xx_hal_can.o
    0x08001456   0x08001456   0x00000112   Code   RO          872    i.HAL_CAN_GetRxMessage  stm32f4xx_hal_can.o
    0x08001568   0x08001568   0x000001fc   Code   RO          876    i.HAL_CAN_IRQHandler  stm32f4xx_hal_can.o
    0x08001764   0x08001764   0x00000152   Code   RO          877    i.HAL_CAN_Init      stm32f4xx_hal_can.o
    0x080018b6   0x080018b6   0x00000002   PAD
    0x080018b8   0x080018b8   0x00000124   Code   RO          739    i.HAL_CAN_MspInit   stm32f4xx_hal_msp.o
    0x080019dc   0x080019dc   0x00000002   Code   RO          884    i.HAL_CAN_RxFifo0FullCallback  stm32f4xx_hal_can.o
    0x080019de   0x080019de   0x00000002   PAD
    0x080019e0   0x080019e0   0x00000208   Code   RO          216    i.HAL_CAN_RxFifo0MsgPendingCallback  main.o
    0x08001be8   0x08001be8   0x00000002   Code   RO          886    i.HAL_CAN_RxFifo1FullCallback  stm32f4xx_hal_can.o
    0x08001bea   0x08001bea   0x00000002   PAD
    0x08001bec   0x08001bec   0x000000f8   Code   RO          217    i.HAL_CAN_RxFifo1MsgPendingCallback  main.o
    0x08001ce4   0x08001ce4   0x00000002   Code   RO          888    i.HAL_CAN_SleepCallback  stm32f4xx_hal_can.o
    0x08001ce6   0x08001ce6   0x00000058   Code   RO          889    i.HAL_CAN_Start     stm32f4xx_hal_can.o
    0x08001d3e   0x08001d3e   0x00000002   Code   RO          891    i.HAL_CAN_TxMailbox0AbortCallback  stm32f4xx_hal_can.o
    0x08001d40   0x08001d40   0x00000002   Code   RO          892    i.HAL_CAN_TxMailbox0CompleteCallback  stm32f4xx_hal_can.o
    0x08001d42   0x08001d42   0x00000002   Code   RO          893    i.HAL_CAN_TxMailbox1AbortCallback  stm32f4xx_hal_can.o
    0x08001d44   0x08001d44   0x00000002   Code   RO          894    i.HAL_CAN_TxMailbox1CompleteCallback  stm32f4xx_hal_can.o
    0x08001d46   0x08001d46   0x00000002   Code   RO          895    i.HAL_CAN_TxMailbox2AbortCallback  stm32f4xx_hal_can.o
    0x08001d48   0x08001d48   0x00000002   Code   RO          896    i.HAL_CAN_TxMailbox2CompleteCallback  stm32f4xx_hal_can.o
    0x08001d4a   0x08001d4a   0x00000002   Code   RO          898    i.HAL_CAN_WakeUpFromRxMsgCallback  stm32f4xx_hal_can.o
    0x08001d4c   0x08001d4c   0x0000008e   Code   RO         1698    i.HAL_DMA_Abort     stm32f4xx_hal_dma.o
    0x08001dda   0x08001dda   0x00000024   Code   RO         1699    i.HAL_DMA_Abort_IT  stm32f4xx_hal_dma.o
    0x08001dfe   0x08001dfe   0x00000006   Code   RO         1702    i.HAL_DMA_GetState  stm32f4xx_hal_dma.o
    0x08001e04   0x08001e04   0x00000024   Code   RO         2141    i.HAL_Delay         stm32f4xx_hal.o
    0x08001e28   0x08001e28   0x000001c4   Code   RO         1591    i.HAL_GPIO_Init     stm32f4xx_hal_gpio.o
    0x08001fec   0x08001fec   0x0000000e   Code   RO         1593    i.HAL_GPIO_ReadPin  stm32f4xx_hal_gpio.o
    0x08001ffa   0x08001ffa   0x0000000e   Code   RO         1595    i.HAL_GPIO_WritePin  stm32f4xx_hal_gpio.o
    0x08002008   0x08002008   0x0000000c   Code   RO         2147    i.HAL_GetTick       stm32f4xx_hal.o
    0x08002014   0x08002014   0x00000002   Code   RO         2906    i.HAL_I2C_AbortCpltCallback  stm32f4xx_hal_i2c.o
    0x08002016   0x08002016   0x00000002   Code   RO         2907    i.HAL_I2C_AddrCallback  stm32f4xx_hal_i2c.o
    0x08002018   0x08002018   0x0000019c   Code   RO         2911    i.HAL_I2C_EV_IRQHandler  stm32f4xx_hal_i2c.o
    0x080021b4   0x080021b4   0x00000002   Code   RO         2913    i.HAL_I2C_ErrorCallback  stm32f4xx_hal_i2c.o
    0x080021b6   0x080021b6   0x00000002   PAD
    0x080021b8   0x080021b8   0x00000198   Code   RO         2917    i.HAL_I2C_Init      stm32f4xx_hal_i2c.o
    0x08002350   0x08002350   0x00000002   Code   RO         2919    i.HAL_I2C_ListenCpltCallback  stm32f4xx_hal_i2c.o
    0x08002352   0x08002352   0x00000002   Code   RO         2920    i.HAL_I2C_MasterRxCpltCallback  stm32f4xx_hal_i2c.o
    0x08002354   0x08002354   0x00000002   Code   RO         2921    i.HAL_I2C_MasterTxCpltCallback  stm32f4xx_hal_i2c.o
    0x08002356   0x08002356   0x00000002   Code   RO         2933    i.HAL_I2C_MemRxCpltCallback  stm32f4xx_hal_i2c.o
    0x08002358   0x08002358   0x00000002   Code   RO         2934    i.HAL_I2C_MemTxCpltCallback  stm32f4xx_hal_i2c.o
    0x0800235a   0x0800235a   0x00000002   PAD
    0x0800235c   0x0800235c   0x0000029c   Code   RO         2935    i.HAL_I2C_Mem_Read  stm32f4xx_hal_i2c.o
    0x080025f8   0x080025f8   0x00000144   Code   RO         2938    i.HAL_I2C_Mem_Write  stm32f4xx_hal_i2c.o
    0x0800273c   0x0800273c   0x00000078   Code   RO          743    i.HAL_I2C_MspInit   stm32f4xx_hal_msp.o
    0x080027b4   0x080027b4   0x00000002   Code   RO         2943    i.HAL_I2C_SlaveRxCpltCallback  stm32f4xx_hal_i2c.o
    0x080027b6   0x080027b6   0x00000002   Code   RO         2944    i.HAL_I2C_SlaveTxCpltCallback  stm32f4xx_hal_i2c.o
    0x080027b8   0x080027b8   0x00000010   Code   RO         2153    i.HAL_IncTick       stm32f4xx_hal.o
    0x080027c8   0x080027c8   0x00000034   Code   RO         2154    i.HAL_Init          stm32f4xx_hal.o
    0x080027fc   0x080027fc   0x0000008c   Code   RO          824    i.HAL_InitTick      stm32f4xx_hal_timebase_tim.o
    0x08002888   0x08002888   0x00000038   Code   RO          744    i.HAL_MspInit       stm32f4xx_hal_msp.o
    0x080028c0   0x080028c0   0x0000001a   Code   RO         1999    i.HAL_NVIC_EnableIRQ  stm32f4xx_hal_cortex.o
    0x080028da   0x080028da   0x00000002   PAD
    0x080028dc   0x080028dc   0x00000040   Code   RO         2005    i.HAL_NVIC_SetPriority  stm32f4xx_hal_cortex.o
    0x0800291c   0x0800291c   0x00000024   Code   RO         2006    i.HAL_NVIC_SetPriorityGrouping  stm32f4xx_hal_cortex.o
    0x08002940   0x08002940   0x00000074   Code   RO         1927    i.HAL_PWREx_EnableOverDrive  stm32f4xx_hal_pwr_ex.o
    0x080029b4   0x080029b4   0x0000014c   Code   RO         1098    i.HAL_RCC_ClockConfig  stm32f4xx_hal_rcc.o
    0x08002b00   0x08002b00   0x0000003c   Code   RO         1102    i.HAL_RCC_GetClockConfig  stm32f4xx_hal_rcc.o
    0x08002b3c   0x08002b3c   0x0000000c   Code   RO         1103    i.HAL_RCC_GetHCLKFreq  stm32f4xx_hal_rcc.o
    0x08002b48   0x08002b48   0x00000020   Code   RO         1105    i.HAL_RCC_GetPCLK1Freq  stm32f4xx_hal_rcc.o
    0x08002b68   0x08002b68   0x00000020   Code   RO         1106    i.HAL_RCC_GetPCLK2Freq  stm32f4xx_hal_rcc.o
    0x08002b88   0x08002b88   0x000000a4   Code   RO         1209    i.HAL_RCC_GetSysClockFreq  stm32f4xx_hal_rcc_ex.o
    0x08002c2c   0x08002c2c   0x00000404   Code   RO         1210    i.HAL_RCC_OscConfig  stm32f4xx_hal_rcc_ex.o
    0x08003030   0x08003030   0x00000002   Code   RO         4130    i.HAL_TIMEx_BreakCallback  stm32f4xx_hal_tim_ex.o
    0x08003032   0x08003032   0x00000002   Code   RO         4131    i.HAL_TIMEx_CommutCallback  stm32f4xx_hal_tim_ex.o
    0x08003034   0x08003034   0x0000004a   Code   RO         3415    i.HAL_TIM_Base_Init  stm32f4xx_hal_tim.o
    0x0800307e   0x0800307e   0x00000002   PAD
    0x08003080   0x08003080   0x0000003c   Code   RO          746    i.HAL_TIM_Base_MspInit  stm32f4xx_hal_msp.o
    0x080030bc   0x080030bc   0x0000008c   Code   RO         3420    i.HAL_TIM_Base_Start_IT  stm32f4xx_hal_tim.o
    0x08003148   0x08003148   0x00000002   Code   RO         3449    i.HAL_TIM_IC_CaptureCallback  stm32f4xx_hal_tim.o
    0x0800314a   0x0800314a   0x00000138   Code   RO         3463    i.HAL_TIM_IRQHandler  stm32f4xx_hal_tim.o
    0x08003282   0x08003282   0x00000002   Code   RO         3466    i.HAL_TIM_OC_DelayElapsedCallback  stm32f4xx_hal_tim.o
    0x08003284   0x08003284   0x00000002   Code   RO         3493    i.HAL_TIM_PWM_PulseFinishedCallback  stm32f4xx_hal_tim.o
    0x08003286   0x08003286   0x00000002   PAD
    0x08003288   0x08003288   0x00000014   Code   RO          218    i.HAL_TIM_PeriodElapsedCallback  main.o
    0x0800329c   0x0800329c   0x00000002   Code   RO         3506    i.HAL_TIM_TriggerCallback  stm32f4xx_hal_tim.o
    0x0800329e   0x0800329e   0x00000002   Code   RO         4409    i.HAL_UARTEx_RxEventCallback  stm32f4xx_hal_uart.o
    0x080032a0   0x080032a0   0x00000002   Code   RO         4423    i.HAL_UART_ErrorCallback  stm32f4xx_hal_uart.o
    0x080032a2   0x080032a2   0x00000002   PAD
    0x080032a4   0x080032a4   0x00000230   Code   RO         4426    i.HAL_UART_IRQHandler  stm32f4xx_hal_uart.o
    0x080034d4   0x080034d4   0x00000066   Code   RO         4427    i.HAL_UART_Init     stm32f4xx_hal_uart.o
    0x0800353a   0x0800353a   0x00000002   PAD
    0x0800353c   0x0800353c   0x000000f4   Code   RO          748    i.HAL_UART_MspInit  stm32f4xx_hal_msp.o
    0x08003630   0x08003630   0x0000001c   Code   RO         4432    i.HAL_UART_Receive_IT  stm32f4xx_hal_uart.o
    0x0800364c   0x0800364c   0x00000024   Code   RO          219    i.HAL_UART_RxCpltCallback  main.o
    0x08003670   0x08003670   0x00000032   Code   RO         4437    i.HAL_UART_Transmit_IT  stm32f4xx_hal_uart.o
    0x080036a2   0x080036a2   0x00000002   Code   RO         4438    i.HAL_UART_TxCpltCallback  stm32f4xx_hal_uart.o
    0x080036a4   0x080036a4   0x00000002   Code   RO          627    i.HardFault_Handler  stm32f4xx_it.o
    0x080036a6   0x080036a6   0x00000002   PAD
    0x080036a8   0x080036a8   0x00000078   Code   RO          220    i.Heal_Error        main.o
    0x08003720   0x08003720   0x0000000c   Code   RO          628    i.I2C1_EV_IRQHandler  stm32f4xx_it.o
    0x0800372c   0x0800372c   0x0000001c   Code   RO         2955    i.I2C_ConvertOtherXferOptions  stm32f4xx_hal_i2c.o
    0x08003748   0x08003748   0x000000bc   Code   RO         2956    i.I2C_DMAAbort      stm32f4xx_hal_i2c.o
    0x08003804   0x08003804   0x00000010   Code   RO         2959    i.I2C_Flush_DR      stm32f4xx_hal_i2c.o
    0x08003814   0x08003814   0x0000015c   Code   RO         2960    i.I2C_ITError       stm32f4xx_hal_i2c.o
    0x08003970   0x08003970   0x0000002e   Code   RO         2961    i.I2C_IsAcknowledgeFailed  stm32f4xx_hal_i2c.o
    0x0800399e   0x0800399e   0x0000010c   Code   RO         2962    i.I2C_MasterReceive_BTF  stm32f4xx_hal_i2c.o
    0x08003aaa   0x08003aaa   0x000000ea   Code   RO         2963    i.I2C_MasterReceive_RXNE  stm32f4xx_hal_i2c.o
    0x08003b94   0x08003b94   0x0000008a   Code   RO         2966    i.I2C_MasterTransmit_BTF  stm32f4xx_hal_i2c.o
    0x08003c1e   0x08003c1e   0x000000be   Code   RO         2967    i.I2C_MasterTransmit_TXE  stm32f4xx_hal_i2c.o
    0x08003cdc   0x08003cdc   0x0000002a   Code   RO         2968    i.I2C_Master_ADD10  stm32f4xx_hal_i2c.o
    0x08003d06   0x08003d06   0x00000002   PAD
    0x08003d08   0x08003d08   0x00000194   Code   RO         2969    i.I2C_Master_ADDR   stm32f4xx_hal_i2c.o
    0x08003e9c   0x08003e9c   0x000000a0   Code   RO         2970    i.I2C_Master_SB     stm32f4xx_hal_i2c.o
    0x08003f3c   0x08003f3c   0x000000be   Code   RO         2971    i.I2C_MemoryTransmit_TXE_BTF  stm32f4xx_hal_i2c.o
    0x08003ffa   0x08003ffa   0x00000002   PAD
    0x08003ffc   0x08003ffc   0x00000140   Code   RO         2972    i.I2C_RequestMemoryRead  stm32f4xx_hal_i2c.o
    0x0800413c   0x0800413c   0x000000c4   Code   RO         2973    i.I2C_RequestMemoryWrite  stm32f4xx_hal_i2c.o
    0x08004200   0x08004200   0x0000001c   Code   RO         2974    i.I2C_SlaveReceive_BTF  stm32f4xx_hal_i2c.o
    0x0800421c   0x0800421c   0x00000044   Code   RO         2975    i.I2C_SlaveReceive_RXNE  stm32f4xx_hal_i2c.o
    0x08004260   0x08004260   0x0000001c   Code   RO         2976    i.I2C_SlaveTransmit_BTF  stm32f4xx_hal_i2c.o
    0x0800427c   0x0800427c   0x00000044   Code   RO         2977    i.I2C_SlaveTransmit_TXE  stm32f4xx_hal_i2c.o
    0x080042c0   0x080042c0   0x00000048   Code   RO         2978    i.I2C_Slave_ADDR    stm32f4xx_hal_i2c.o
    0x08004308   0x08004308   0x00000160   Code   RO         2980    i.I2C_Slave_STOPF   stm32f4xx_hal_i2c.o
    0x08004468   0x08004468   0x00000058   Code   RO         2981    i.I2C_WaitOnBTFFlagUntilTimeout  stm32f4xx_hal_i2c.o
    0x080044c0   0x080044c0   0x000000ac   Code   RO         2982    i.I2C_WaitOnFlagUntilTimeout  stm32f4xx_hal_i2c.o
    0x0800456c   0x0800456c   0x000000c8   Code   RO         2983    i.I2C_WaitOnMasterAddressFlagUntilTimeout  stm32f4xx_hal_i2c.o
    0x08004634   0x08004634   0x00000076   Code   RO         2984    i.I2C_WaitOnRXNEFlagUntilTimeout  stm32f4xx_hal_i2c.o
    0x080046aa   0x080046aa   0x00000002   PAD
    0x080046ac   0x080046ac   0x0000003c   Code   RO         2986    i.I2C_WaitOnSTOPRequestThroughIT  stm32f4xx_hal_i2c.o
    0x080046e8   0x080046e8   0x00000058   Code   RO         2987    i.I2C_WaitOnTXEFlagUntilTimeout  stm32f4xx_hal_i2c.o
    0x08004740   0x08004740   0x00000064   Code   RO          221    i.Joystick_Reception  main.o
    0x080047a4   0x080047a4   0x00000064   Code   RO          222    i.MX_CAN1_Init      main.o
    0x08004808   0x08004808   0x00000064   Code   RO          223    i.MX_CAN2_Init      main.o
    0x0800486c   0x0800486c   0x000000c0   Code   RO          224    i.MX_GPIO_Init      main.o
    0x0800492c   0x0800492c   0x0000003c   Code   RO          225    i.MX_I2C1_Init      main.o
    0x08004968   0x08004968   0x00000034   Code   RO          226    i.MX_TIM14_Init     main.o
    0x0800499c   0x0800499c   0x00000034   Code   RO          227    i.MX_UART4_Init     main.o
    0x080049d0   0x080049d0   0x00000034   Code   RO          228    i.MX_UART5_Init     main.o
    0x08004a04   0x08004a04   0x00000002   Code   RO          629    i.MemManage_Handler  stm32f4xx_it.o
    0x08004a06   0x08004a06   0x00000002   Code   RO          630    i.NMI_Handler       stm32f4xx_it.o
    0x08004a08   0x08004a08   0x000000ac   Code   RO          230    i.New_Sensor_Pos    main.o
    0x08004ab4   0x08004ab4   0x00000080   Code   RO          231    i.Read_EEPROM_Data  main.o
    0x08004b34   0x08004b34   0x0000002c   Code   RO          232    i.Reboot            main.o
    0x08004b60   0x08004b60   0x00000110   Code   RO          233    i.Right_Verticality_PID  main.o
    0x08004c70   0x08004c70   0x0000002a   Code   RO          234    i.Set_Motor_Torque  main.o
    0x08004c9a   0x08004c9a   0x00000002   PAD
    0x08004c9c   0x08004c9c   0x00000068   Code   RO          235    i.Set_Motor_Velocity  main.o
    0x08004d04   0x08004d04   0x000000b4   Code   RO          236    i.Shearing_Motors   main.o
    0x08004db8   0x08004db8   0x00000014   Code   RO          237    i.StartDefaultTask  main.o
    0x08004dcc   0x08004dcc   0x0000003c   Code   RO          238    i.Start_Calibration_For  main.o
    0x08004e08   0x08004e08   0x00000018   Code   RO          239    i.Start_HP_Tasks    main.o
    0x08004e20   0x08004e20   0x00000010   Code   RO          240    i.Start_LP_Tasks    main.o
    0x08004e30   0x08004e30   0x0000092c   Code   RO          241    i.Steering_Controls  main.o
    0x0800575c   0x0800575c   0x00000054   Code   RO          242    i.Stop_Motors       main.o
    0x080057b0   0x080057b0   0x0000002c   Code   RO         6047    i.SysTick_Handler   port.o
    0x080057dc   0x080057dc   0x000000a0   Code   RO          243    i.SystemClock_Config  main.o
    0x0800587c   0x0800587c   0x00000010   Code   RO         4771    i.SystemInit        system_stm32f4xx.o
    0x0800588c   0x0800588c   0x0000000c   Code   RO          631    i.TIM1_UP_TIM10_IRQHandler  stm32f4xx_it.o
    0x08005898   0x08005898   0x0000000c   Code   RO          632    i.TIM8_TRG_COM_TIM14_IRQHandler  stm32f4xx_it.o
    0x080058a4   0x080058a4   0x000000dc   Code   RO         3508    i.TIM_Base_SetConfig  stm32f4xx_hal_tim.o
    0x08005980   0x08005980   0x0000000c   Code   RO          633    i.UART4_IRQHandler  stm32f4xx_it.o
    0x0800598c   0x0800598c   0x0000000c   Code   RO          634    i.UART5_IRQHandler  stm32f4xx_it.o
    0x08005998   0x08005998   0x00000010   Code   RO         4440    i.UART_DMAAbortOnError  stm32f4xx_hal_uart.o
    0x080059a8   0x080059a8   0x0000004e   Code   RO         4450    i.UART_EndRxTransfer  stm32f4xx_hal_uart.o
    0x080059f6   0x080059f6   0x0000001a   Code   RO         4451    i.UART_EndTransmit_IT  stm32f4xx_hal_uart.o
    0x08005a10   0x08005a10   0x000000c8   Code   RO         4453    i.UART_Receive_IT   stm32f4xx_hal_uart.o
    0x08005ad8   0x08005ad8   0x00000114   Code   RO         4454    i.UART_SetConfig    stm32f4xx_hal_uart.o
    0x08005bec   0x08005bec   0x00000038   Code   RO         4456    i.UART_Start_Receive_IT  stm32f4xx_hal_uart.o
    0x08005c24   0x08005c24   0x0000005e   Code   RO         4457    i.UART_Transmit_IT  stm32f4xx_hal_uart.o
    0x08005c82   0x08005c82   0x00000002   Code   RO          635    i.UsageFault_Handler  stm32f4xx_it.o
    0x08005c84   0x08005c84   0x00000030   Code   RO         6255    i.__ARM_fpclassify  m_wm.l(fpclassify.o)
    0x08005cb4   0x08005cb4   0x00000020   Code   RO         2012    i.__NVIC_SetPriority  stm32f4xx_hal_cortex.o
    0x08005cd4   0x08005cd4   0x00000004   PAD
    0x08005cd8   0x08005cd8   0x000002d8   Code   RO         6171    i.__hardfp_atan     m_wm.l(atan.o)
    0x08005fb0   0x08005fb0   0x00000014   Code   RO         6185    i.__hardfp_fabs     m_wm.l(fabs.o)
    0x08005fc4   0x08005fc4   0x00000004   PAD
    0x08005fc8   0x08005fc8   0x000003c4   Code   RO         6191    i.__hardfp_log      m_wm.l(log.o)
    0x0800638c   0x0800638c   0x00000004   PAD
    0x08006390   0x08006390   0x00000080   Code   RO         6205    i.__hardfp_tan      m_wm.l(tan.o)
    0x08006410   0x08006410   0x00000438   Code   RO         6260    i.__ieee754_rem_pio2  m_wm.l(rred.o)
    0x08006848   0x08006848   0x000000f8   Code   RO         6257    i.__kernel_poly     m_wm.l(poly.o)
    0x08006940   0x08006940   0x00000350   Code   RO         6265    i.__kernel_tan      m_wm.l(tan_i.o)
    0x08006c90   0x08006c90   0x00000030   Code   RO         6241    i.__mathlib_dbl_divzero  m_wm.l(dunder.o)
    0x08006cc0   0x08006cc0   0x00000014   Code   RO         6242    i.__mathlib_dbl_infnan  m_wm.l(dunder.o)
    0x08006cd4   0x08006cd4   0x00000004   PAD
    0x08006cd8   0x08006cd8   0x00000020   Code   RO         6244    i.__mathlib_dbl_invalid  m_wm.l(dunder.o)
    0x08006cf8   0x08006cf8   0x00000020   Code   RO         6247    i.__mathlib_dbl_underflow  m_wm.l(dunder.o)
    0x08006d18   0x08006d18   0x0000000e   Code   RO           19    i.bytestowrite      eeprom.o
    0x08006d26   0x08006d26   0x00000018   Code   RO         6187    i.fabs              m_wm.l(fabs.o)
    0x08006d3e   0x08006d3e   0x00000002   PAD
    0x08006d40   0x08006d40   0x000001f8   Code   RO          246    i.main              main.o
    0x08006f38   0x08006f38   0x0000000c   Code   RO         5612    i.makeFreeRtosPriority  cmsis_os.o
    0x08006f44   0x08006f44   0x00000010   Code   RO         5614    i.osDelay           cmsis_os.o
    0x08006f54   0x08006f54   0x0000000a   Code   RO         5617    i.osKernelStart     cmsis_os.o
    0x08006f5e   0x08006f5e   0x00000058   Code   RO         5651    i.osThreadCreate    cmsis_os.o
    0x08006fb6   0x08006fb6   0x00000002   PAD
    0x08006fb8   0x08006fb8   0x00000070   Code   RO         5283    i.prvAddCurrentTaskToDelayedList  tasks.o
    0x08007028   0x08007028   0x00000088   Code   RO         5284    i.prvAddNewTaskToReadyList  tasks.o
    0x080070b0   0x080070b0   0x0000003c   Code   RO         5285    i.prvCheckTasksWaitingTermination  tasks.o
    0x080070ec   0x080070ec   0x00000040   Code   RO         5286    i.prvDeleteTCB      tasks.o
    0x0800712c   0x0800712c   0x0000004c   Code   RO         5979    i.prvHeapInit       heap_4.o
    0x08007178   0x08007178   0x00000028   Code   RO         5287    i.prvIdleTask       tasks.o
    0x080071a0   0x080071a0   0x00000094   Code   RO         5288    i.prvInitialiseNewTask  tasks.o
    0x08007234   0x08007234   0x00000058   Code   RO         5289    i.prvInitialiseTaskLists  tasks.o
    0x0800728c   0x0800728c   0x00000054   Code   RO         5980    i.prvInsertBlockIntoFreeList  heap_4.o
    0x080072e0   0x080072e0   0x00000024   Code   RO         5290    i.prvResetNextTaskUnblockTime  tasks.o
    0x08007304   0x08007304   0x0000002c   Code   RO         6048    i.prvTaskExitError  port.o
    0x08007330   0x08007330   0x000000dc   Code   RO         5981    i.pvPortMalloc      heap_4.o
    0x0800740c   0x0800740c   0x00000024   Code   RO         6049    i.pxPortInitialiseStack  port.o
    0x08007430   0x08007430   0x00000026   Code   RO         4909    i.uxListRemove      list.o
    0x08007456   0x08007456   0x00000002   PAD
    0x08007458   0x08007458   0x00000014   Code   RO          586    i.vApplicationGetIdleTaskMemory  freertos.o
    0x0800746c   0x0800746c   0x00000016   Code   RO         4910    i.vListInitialise   list.o
    0x08007482   0x08007482   0x00000006   Code   RO         4911    i.vListInitialiseItem  list.o
    0x08007488   0x08007488   0x00000030   Code   RO         4912    i.vListInsert       list.o
    0x080074b8   0x080074b8   0x00000018   Code   RO         4913    i.vListInsertEnd    list.o
    0x080074d0   0x080074d0   0x00000040   Code   RO         6051    i.vPortEnterCritical  port.o
    0x08007510   0x08007510   0x0000002c   Code   RO         6052    i.vPortExitCritical  port.o
    0x0800753c   0x0800753c   0x00000064   Code   RO         5982    i.vPortFree         heap_4.o
    0x080075a0   0x080075a0   0x00000024   Code   RO         6053    i.vPortSetupTimerInterrupt  port.o
    0x080075c4   0x080075c4   0x00000050   Code   RO         5299    i.vTaskDelay        tasks.o
    0x08007614   0x08007614   0x00000088   Code   RO         5312    i.vTaskStartScheduler  tasks.o
    0x0800769c   0x0800769c   0x00000010   Code   RO         5314    i.vTaskSuspendAll   tasks.o
    0x080076ac   0x080076ac   0x00000060   Code   RO         5315    i.vTaskSwitchContext  tasks.o
    0x0800770c   0x0800770c   0x000000f4   Code   RO         6055    i.xPortStartScheduler  port.o
    0x08007800   0x08007800   0x00000064   Code   RO         5318    i.xTaskCreate       tasks.o
    0x08007864   0x08007864   0x0000005c   Code   RO         5319    i.xTaskCreateStatic  tasks.o
    0x080078c0   0x080078c0   0x000000d0   Code   RO         5326    i.xTaskIncrementTick  tasks.o
    0x08007990   0x08007990   0x000000cc   Code   RO         5332    i.xTaskResumeAll    tasks.o
    0x08007a5c   0x08007a5c   0x00000018   Code   RO         6226    x$fpl$basic         fz_wm.l(basic.o)
    0x08007a74   0x08007a74   0x00000062   Code   RO         6141    x$fpl$d2f           fz_wm.l(d2f.o)
    0x08007ad6   0x08007ad6   0x00000002   PAD
    0x08007ad8   0x08007ad8   0x00000150   Code   RO         6143    x$fpl$dadd          fz_wm.l(daddsub_clz.o)
    0x08007c28   0x08007c28   0x00000018   Code   RO         6228    x$fpl$dcmpinf       fz_wm.l(dcmpi.o)
    0x08007c40   0x08007c40   0x000002b0   Code   RO         6150    x$fpl$ddiv          fz_wm.l(ddiv.o)
    0x08007ef0   0x08007ef0   0x00000078   Code   RO         6230    x$fpl$deqf          fz_wm.l(deqf.o)
    0x08007f68   0x08007f68   0x0000005e   Code   RO         6153    x$fpl$dfix          fz_wm.l(dfix.o)
    0x08007fc6   0x08007fc6   0x0000002e   Code   RO         6158    x$fpl$dflt          fz_wm.l(dflt_clz.o)
    0x08007ff4   0x08007ff4   0x00000026   Code   RO         6157    x$fpl$dfltu         fz_wm.l(dflt_clz.o)
    0x0800801a   0x0800801a   0x00000002   PAD
    0x0800801c   0x0800801c   0x00000078   Code   RO         6163    x$fpl$dleqf         fz_wm.l(dleqf.o)
    0x08008094   0x08008094   0x00000154   Code   RO         6165    x$fpl$dmul          fz_wm.l(dmul.o)
    0x080081e8   0x080081e8   0x0000009c   Code   RO         6232    x$fpl$dnaninf       fz_wm.l(dnaninf.o)
    0x08008284   0x08008284   0x0000000c   Code   RO         6234    x$fpl$dretinf       fz_wm.l(dretinf.o)
    0x08008290   0x08008290   0x0000006c   Code   RO         6167    x$fpl$drleqf        fz_wm.l(drleqf.o)
    0x080082fc   0x080082fc   0x00000016   Code   RO         6144    x$fpl$drsb          fz_wm.l(daddsub_clz.o)
    0x08008312   0x08008312   0x00000002   PAD
    0x08008314   0x08008314   0x000001d4   Code   RO         6145    x$fpl$dsub          fz_wm.l(daddsub_clz.o)
    0x080084e8   0x080084e8   0x00000056   Code   RO         6169    x$fpl$f2d           fz_wm.l(f2d.o)
    0x0800853e   0x0800853e   0x0000008c   Code   RO         6236    x$fpl$fnaninf       fz_wm.l(fnaninf.o)
    0x080085ca   0x080085ca   0x0000000a   Code   RO         6378    x$fpl$fpinit        fz_wm.l(fpinit.o)
    0x080085d4   0x080085d4   0x0000000a   Code   RO         6238    x$fpl$fretinf       fz_wm.l(fretinf.o)
    0x080085de   0x080085de   0x00000000   Code   RO         6240    x$fpl$usenofp       fz_wm.l(usenofp.o)
    0x080085de   0x080085de   0x00000002   PAD
    0x080085e0   0x080085e0   0x00000054   Data   RO          251    .constdata          main.o
    0x08008634   0x08008634   0x00000010   Data   RO         4772    .constdata          system_stm32f4xx.o
    0x08008644   0x08008644   0x00000008   Data   RO         4773    .constdata          system_stm32f4xx.o
    0x0800864c   0x0800864c   0x00000004   PAD
    0x08008650   0x08008650   0x00000098   Data   RO         6174    .constdata          m_wm.l(atan.o)
    0x080086e8   0x080086e8   0x00000038   Data   RO         6194    .constdata          m_wm.l(log.o)
    0x08008720   0x08008720   0x00000008   Data   RO         6259    .constdata          m_wm.l(qnan.o)
    0x08008728   0x08008728   0x000000c8   Data   RO         6262    .constdata          m_wm.l(rred.o)
    0x080087f0   0x080087f0   0x00000060   Data   RO         6266    .constdata          m_wm.l(tan_i.o)
    0x08008850   0x08008850   0x00000025   Data   RO          252    .conststring        main.o
    0x08008875   0x08008875   0x00000003   PAD
    0x08008878   0x08008878   0x00000020   Data   RO         6436    Region$$Table       anon$$obj.o


    Execution Region RW_IRAM1 (Exec base: 0x20000000, Load base: 0x08008898, Size: 0x00004bf0, Max: 0x00020000, ABSOLUTE, COMPRESSED[0x00000074])

    Exec Addr    Load Addr    Size         Type   Attr      Idx    E Section Name        Object

    0x20000000   COMPRESSED   0x00000238   Data   RW          253    .data               main.o
    0x20000238   COMPRESSED   0x00000004   Data   RW          749    .data               stm32f4xx_hal_msp.o
    0x2000023c   COMPRESSED   0x0000000c   Data   RW         2161    .data               stm32f4xx_hal.o
    0x20000248   COMPRESSED   0x00000004   Data   RW         4774    .data               system_stm32f4xx.o
    0x2000024c   COMPRESSED   0x0000003c   Data   RW         5335    .data               tasks.o
    0x20000288   COMPRESSED   0x00000020   Data   RW         5988    .data               heap_4.o
    0x200002a8   COMPRESSED   0x0000000c   Data   RW         6056    .data               port.o
    0x200002b4        -       0x0000034c   Zero   RW          247    .bss                main.o
    0x20000600        -       0x00000254   Zero   RW          587    .bss                freertos.o
    0x20000854        -       0x00000048   Zero   RW          827    .bss                stm32f4xx_hal_timebase_tim.o
    0x2000089c        -       0x000000f0   Zero   RW         5334    .bss                tasks.o
    0x2000098c        -       0x00003c00   Zero   RW         5987    .bss                heap_4.o
    0x2000458c        -       0x00000060   Zero   RW         6294    .bss                c_w.l(libspace.o)
    0x200045ec   COMPRESSED   0x00000004   PAD
    0x200045f0        -       0x00000200   Zero   RW            2    HEAP                startup_stm32f446xx.o
    0x200047f0        -       0x00000400   Zero   RW            1    STACK               startup_stm32f446xx.o


==============================================================================

Image component sizes


      Code (inc. data)   RO Data    RW Data    ZI Data      Debug   Object Name

       126          0          0          0          0      23183   cmsis_os.o
       410         42          0          0          0     742892   eeprom.o
         0          0          0          0          0      16948   event_groups.o
        20          4          0          0        596       1284   freertos.o
       480         26          0         32      15360       7651   heap_4.o
       138          0          0          0          0       3654   list.o
      8552        584        121        568        844      72996   main.o
       702         74          0         12          0      11224   port.o
        64         26        452          0       1536        860   startup_stm32f446xx.o
       116         18          0         12          0       8678   stm32f4xx_hal.o
      1764          6          0          0          0      14355   stm32f4xx_hal_can.o
       158         14          0          0          0      33182   stm32f4xx_hal_cortex.o
       184          0          0          0          0       2630   stm32f4xx_hal_dma.o
       480         42          0          0          0       3055   stm32f4xx_hal_gpio.o
      5942         82          0          0          0      36080   stm32f4xx_hal_i2c.o
       772         72          0          4          0       4452   stm32f4xx_hal_msp.o
       116         12          0          0          0       1348   stm32f4xx_hal_pwr_ex.o
       468         56          0          0          0       4179   stm32f4xx_hal_rcc.o
      1192         26          0          0          0       3534   stm32f4xx_hal_rcc_ex.o
       754         76          0          0          0       6291   stm32f4xx_hal_tim.o
         4          0          0          0          0       1641   stm32f4xx_hal_tim_ex.o
       140         20          0          0         72       1503   stm32f4xx_hal_timebase_tim.o
      1492         14          0          0          0      11511   stm32f4xx_hal_uart.o
       122         54          0          0          0       7755   stm32f4xx_it.o
         0          0          0          0          0        392   stream_buffer.o
        16          4         24          4          0       1175   system_stm32f4xx.o
      1616        120          0         60        240      21021   tasks.o

    ----------------------------------------------------------------------
     25878       1372        636        692      18648    1043474   Object Totals
         0          0         32          0          0          0   (incl. Generated)
        50          0          7          0          0          0   (incl. Padding)

    ----------------------------------------------------------------------

      Code (inc. data)   RO Data    RW Data    ZI Data      Debug   Library Member Name

        58          0          0          0          0          0   __dczerorl.o
         8          0          0          0          0         68   __main.o
         0          0          0          0          0          0   __rtentry.o
        12          0          0          0          0          0   __rtentry2.o
         6          0          0          0          0          0   __rtentry4.o
        52          8          0          0          0          0   __scatter.o
        28          0          0          0          0          0   __scatter_zi.o
        22          0          0          0          0        100   _rserrno.o
        18          0          0          0          0         80   exit.o
         6          0          0          0          0        152   heapauxi.o
         0          0          0          0          0          0   indicate_semi.o
         2          0          0          0          0          0   libinit.o
         6          0          0          0          0          0   libinit2.o
         2          0          0          0          0          0   libshutdown.o
         2          0          0          0          0          0   libshutdown2.o
         8          4          0          0         96         68   libspace.o
       238          0          0          0          0        100   lludivv7m.o
         8          4          0          0          0         68   rt_errno_addr_intlibspace.o
        78          0          0          0          0         80   rt_memclr_w.o
       100          0          0          0          0         80   rt_memcpy_w.o
         2          0          0          0          0          0   rtexit.o
        10          0          0          0          0          0   rtexit2.o
        12          4          0          0          0         68   sys_exit.o
        74          0          0          0          0         80   sys_stackheap_outer.o
         2          0          0          0          0         68   use_no_semi.o
        24          0          0          0          0        164   basic.o
        98          4          0          0          0        140   d2f.o
       826         16          0          0          0        492   daddsub_clz.o
        24          0          0          0          0        116   dcmpi.o
       688        140          0          0          0        256   ddiv.o
       120          4          0          0          0        140   deqf.o
        94          4          0          0          0        140   dfix.o
        84          0          0          0          0        232   dflt_clz.o
       120          4          0          0          0        140   dleqf.o
       340         12          0          0          0        152   dmul.o
       156          4          0          0          0        140   dnaninf.o
        12          0          0          0          0        116   dretinf.o
       108          0          0          0          0        128   drleqf.o
        86          4          0          0          0        132   f2d.o
       140          4          0          0          0        132   fnaninf.o
        10          0          0          0          0        116   fpinit.o
        10          0          0          0          0        116   fretinf.o
         0          0          0          0          0          0   usenofp.o
       728        106        152          0          0        228   atan.o
       132         36          0          0          0        496   dunder.o
        44          0          0          0          0        248   fabs.o
        48          0          0          0          0        124   fpclassify.o
       964         92         56          0          0        316   log.o
       248          0          0          0          0        152   poly.o
         0          0          8          0          0          0   qnan.o
      1080        142        200          0          0        188   rred.o
       128         20          0          0          0        144   tan.o
       848         84         96          0          0        196   tan_i.o

    ----------------------------------------------------------------------
      7942        700        512          0        100       5956   Library Totals
        28          4          0          0          4          0   (incl. Padding)

    ----------------------------------------------------------------------

      Code (inc. data)   RO Data    RW Data    ZI Data      Debug   Library Name

       754         20          0          0         96       1012   c_w.l
      2940        196          0          0          0       2852   fz_wm.l
      4220        480        512          0          0       2092   m_wm.l

    ----------------------------------------------------------------------
      7942        700        512          0        100       5956   Library Totals

    ----------------------------------------------------------------------

==============================================================================


      Code (inc. data)   RO Data    RW Data    ZI Data      Debug   

     33820       2072       1148        692      18748    1025614   Grand Totals
     33820       2072       1148        116      18748    1025614   ELF Image Totals (compressed)
     33820       2072       1148        116          0          0   ROM Totals

==============================================================================

    Total RO  Size (Code + RO Data)                34968 (  34.15kB)
    Total RW  Size (RW Data + ZI Data)             19440 (  18.98kB)
    Total ROM Size (Code + RO Data + RW Data)      35084 (  34.26kB)

==============================================================================

